

————————————————————————————————————————————————————————————————————————————————————————————————————
                                              65<= years                     18<= to <65 years      
                                        IGlar             I287            IGlar             I287    
                                     N   (%)    E     N   (%)    E     N   (%)    E     N   (%)    E
————————————————————————————————————————————————————————————————————————————————————————————————————
                                                                                                    
                                                                                                    
Nervous system disorders
  Headache                           2 (0.738)  4     1 (0.369)  2     5 (1.845)  8    11 (4.059) 22
  Dizziness                          0                0                2 (0.738)  2     1 (0.369)  1
  Cerebrovascular disorder           0                1 (0.369)  1     0                0           
  Hypoaesthesia                      0                0                1 (0.369)  1     0           
  Neuralgia                          0                0                1 (0.369)  1     0           
                                                                                                    
                                                                                                    
Infections and infestations
  Nasopharyngitis                    2 (0.738)  2     3 (1.107)  3     8 (2.952)  9     7 (2.583) 10
  Upper respiratory tract            2 (0.738)  2     0                4 (1.476)  4     7 (2.583)  9
   infection                                                                                        
  Gastroenteritis                    0                1 (0.369)  1     1 (0.369)  1     6 (2.214)  6
  Bronchitis                         0                2 (0.738)  2     3 (1.107)  3     0           
  Cystitis                           0                0                3 (1.107)  3     0           
  Influenza                          0                0                3 (1.107)  4     0           
  Paronychia                         0                0                0                2 (0.738)  2
  Pharyngitis                        0                1 (0.369)  1     1 (0.369)  3     2 (0.738)  2
  Rhinitis                           0                1 (0.369)  1     2 (0.738)  2     2 (0.738)  3
  Sinusitis                          0                0                1 (0.369)  1     2 (0.738)  3
  Acute sinusitis                    1 (0.369)  1     0                0                0           
  Cellulitis                         0                0                1 (0.369)  1     0           
  Ear infection                      0                0                1 (0.369)  1     0           
  Emphysematous pyelonephritis       0                0                1 (0.369)  1     0           
  Fungal infection                   0                0                1 (0.369)  1     0           
  Gastroenteritis viral              0                0                1 (0.369)  1     0           
  Helicobacter infection             0                0                1 (0.369)  1     0           
  Herpes simplex                     0                1 (0.369)  2     1 (0.369)  1     0           
  Labyrinthitis                      1 (0.369)  1     0                0                0           
  Laryngitis                         0                1 (0.369)  1     1 (0.369)  1     0           
  Mastoiditis                        0                0                0                1 (0.369)  1
  Onychomycosis                      0                1 (0.369)  1     0                0           
  Oral herpes                        0                1 (0.369)  1     0                0           
  Pharyngitis streptococcal          0                1 (0.369)  1     0                0           
  Pneumonia                          0                0                0                1 (0.369)  1
  Respiratory tract infection        0                1 (0.369)  1     0                0           
  Respiratory tract infection        1 (0.369)  1     0                0                0           
   viral                                                                                            
  Skin infection                     0                0                0                1 (0.369)  1
  Tinea pedis                        0                1 (0.369)  1     0                0           
  Tooth infection                    0                0                1 (0.369)  1     0           
  Tracheitis                         0                0                1 (0.369)  1     0           
  Urinary tract infection            1 (0.369)  1     0                0                0           
  Viral infection                    0                1 (0.369)  1     1 (0.369)  1     0           
  Viral upper respiratory tract      0                0                0                1 (0.369)  1
   infection                                                                                        
                                                                                                    
                                                                                                    
Respiratory, thoracic and mediastinal disorders
  Cough                              0                0                2 (0.738)  3     5 (1.845)  6
  Rhinorrhoea                        0                0                0                2 (0.738)  2
  Nasal congestion                   1 (0.369)  1     0                0                0           
  Oropharyngeal pain                 0                0                1 (0.369)  1     1 (0.369)  1
  Rhinitis allergic                  0                1 (0.369)  1     0                0           
                                                                                                    
                                                                                                    
Eye disorders
  Cataract                           4 (1.476)  4     0                2 (0.738)  2     0           
  Diabetic retinopathy               1 (0.369)  1     0                3 (1.107)  3     2 (0.738)  2
  Age-related macular                0                0                1 (0.369)  1     0           
   degeneration                                                                                     
  Amblyopia                          1 (0.369)  1     0                0                0           
  Cataract nuclear                   0                0                1 (0.369)  1     0           
  Diabetic retinal oedema            0                0                0                1 (0.369)  1
  Dry age-related macular            1 (0.369)  1     0                0                0           
   degeneration                                                                                     
  Glaucoma                           0                1 (0.369)  1     0                0           
  Macular degeneration               0                0                1 (0.369)  1     0           
  Presbyopia                         0                0                1 (0.369)  1     0           
                                                                                                    
————————————————————————————————————————————————————————————————————————————————————————————————————





————————————————————————————————————————————————————————————————————————————————————————————————————
                                              65<= years                     18<= to <65 years      
                                        IGlar             I287            IGlar             I287    
                                     N   (%)    E     N   (%)    E     N   (%)    E     N   (%)    E
————————————————————————————————————————————————————————————————————————————————————————————————————
                                                                                                    
Injury, poisoning and procedural complications
  Device dispensing error            0                0                4 (1.476)  4     3 (1.107)  3
  Fall                               0                0                2 (0.738)  2     0           
  Back injury                        0                0                1 (0.369)  1     0           
  Bone contusion                     0                1 (0.369)  1     0                0           
  Concussion                         0                0                1 (0.369)  1     0           
  Contusion                          0                0                1 (0.369)  1     0           
  Joint injury                       1 (0.369)  1     0                0                0           
  Limb injury                        1 (0.369)  1     0                0                0           
  Lower limb fracture                0                0                0                1 (0.369)  1
  Muscle strain                      0                0                1 (0.369)  1     1 (0.369)  1
  Procedural pain                    0                0                0                1 (0.369)  1
  Radius fracture                    0                0                0                1 (0.369)  1
  Rib fracture                       1 (0.369)  1     0                0                0           
  Skin abrasion                      0                0                0                1 (0.369)  1
                                                                                                    
                                                                                                    
Gastrointestinal disorders
  Abdominal pain                     0                0                3 (1.107)  3     0           
  Diarrhoea                          2 (0.738)  2     1 (0.369)  1     2 (0.738)  2     3 (1.107)  3
  Nausea                             1 (0.369)  1     1 (0.369)  1     2 (0.738)  2     1 (0.369)  1
  Vomiting                           1 (0.369)  1     1 (0.369)  1     2 (0.738)  2     1 (0.369)  1
  Abdominal discomfort               0                0                1 (0.369)  1     0           
  Abdominal pain upper               0                0                0                1 (0.369)  4
  Aphthous ulcer                     0                1 (0.369)  1     0                0           
  Chronic gastritis                  0                0                0                1 (0.369)  1
  Constipation                       1 (0.369)  1     0                1 (0.369)  1     1 (0.369)  1
  Dyspepsia                          0                1 (0.369)  1     1 (0.369)  2     0           
  Enteritis                          0                0                0                1 (0.369)  1
  Gastritis                          1 (0.369)  1     0                0                0           
  Melaena                            0                0                1 (0.369)  1     0           
  Peptic ulcer                       0                1 (0.369)  1     0                0           
  Toothache                          0                1 (0.369)  1     1 (0.369)  1     0           
                                                                                                    
                                                                                                    
Musculoskeletal and connective tissue disorders
  Arthralgia                         3 (1.107)  5     0                2 (0.738)  2     1 (0.369)  1
  Back pain                          3 (1.107)  3     0                0                3 (1.107)  4
  Pain in extremity                  0                1 (0.369)  1     1 (0.369)  1     3 (1.107)  3
  Bursitis                           0                0                0                1 (0.369)  1
  Intervertebral disc protrusion     0                0                0                1 (0.369)  1
  Intervertebral disc                0                0                0                1 (0.369)  1
   degeneration                                                                                     
  Muscle spasms                      1 (0.369)  1     0                0                1 (0.369)  1
  Muscular weakness                  0                0                1 (0.369)  1     0           
  Musculoskeletal pain               1 (0.369)  1     0                0                0           
  Myalgia                            0                0                1 (0.369)  1     1 (0.369)  1
  Osteoarthritis                     1 (0.369)  2     0                1 (0.369)  1     0           
  Plantar fasciitis                  0                0                1 (0.369)  1     0           
  Spinal osteoarthritis              0                0                1 (0.369)  1     0           
  Spinal pain                        1 (0.369)  1     0                0                0           
  Vertebral osteophyte               0                0                0                1 (0.369)  1
                                                                                                    
                                                                                                    
Vascular disorders
  Hypertension                       1 (0.369)  1     0                3 (1.107)  3     0           
  Angiopathy                         0                1 (0.369)  1     0                0           
  Aortic arteriosclerosis            0                0                1 (0.369)  1     0           
  Aortic disorder                    0                0                1 (0.369)  1     0           
  Aortic stenosis                    0                0                1 (0.369)  1     0           
  Haematoma                          1 (0.369)  1     0                0                0           
  Hypertensive angiopathy            0                1 (0.369)  1     0                0           
  Hypotension                        0                0                0                1 (0.369)  1
                                                                                                    
                                                                                                    
                                                                                                    
                                                                                                    
                                                                                                    
                                                                                                    
                                                                                                    
                                                                                                    
————————————————————————————————————————————————————————————————————————————————————————————————————





————————————————————————————————————————————————————————————————————————————————————————————————————
                                              65<= years                     18<= to <65 years      
                                        IGlar             I287            IGlar             I287    
                                     N   (%)    E     N   (%)    E     N   (%)    E     N   (%)    E
————————————————————————————————————————————————————————————————————————————————————————————————————
                                                                                                    
                                                                                                    
General disorders and administration site conditions
  Pyrexia                            0                0                1 (0.369)  1     2 (0.738)  2
  Chest pain                         0                0                1 (0.369)  1     1 (0.369)  1
  Chills                             0                0                0                1 (0.369)  1
  Facial pain                        0                0                0                1 (0.369)  3
  Fatigue                            0                1 (0.369)  1     0                1 (0.369)  1
  Gait disturbance                   0                0                0                1 (0.369)  1
  Inflammation                       0                0                1 (0.369)  1     0           
  Injection site bruising            0                0                0                1 (0.369)  1
  Injection site erythema            0                0                1 (0.369) 20     0           
  Injection site haematoma           0                0                0                1 (0.369)  2
  Injection site haemorrhage         0                0                0                1 (0.369)  1
  Injection site pain                0                0                1 (0.369)  1     1 (0.369)  1
  Injection site reaction            1 (0.369)  2     1 (0.369)  1     1 (0.369)  2     0           
  Medical device site discomfort     1 (0.369)  2     0                0                0           
                                                                                                    
                                                                                                    
Metabolism and nutrition disorders
  Dyslipidaemia                      0                1 (0.369)  1     2 (0.738)  2     1 (0.369)  1
  Decreased appetite                 0                0                1 (0.369)  1     0           
  Hypomagnesaemia                    0                0                1 (0.369)  1     0           
                                                                                                    
                                                                                                    
Skin and subcutaneous tissue disorders
  Rash                               0                0                0                2 (0.738)  2
  Dermatitis contact                 0                1 (0.369)  1     0                0           
  Eczema                             0                0                0                1 (0.369)  1
  Erythema                           1 (0.369)  1     1 (0.369)  1     0                1 (0.369)  1
  Hyperkeratosis                     0                0                0                1 (0.369)  1
  Miliaria                           0                0                1 (0.369)  1     0           
  Night sweats                       1 (0.369)  1     0                0                0           
  Petechiae                          0                0                1 (0.369)  1     0           
  Skin hypertrophy                   0                1 (0.369)  1     0                0           
                                                                                                    
                                                                                                    
Blood and lymphatic system disorders
  Anaemia                            0                1 (0.369)  1     1 (0.369)  1     1 (0.369)  1
  Leukocytosis                       0                0                1 (0.369)  1     0           
                                                                                                    
                                                                                                    
Cardiac disorders
  Coronary artery disease            0                0                0                1 (0.369)  1
  Dilatation atrial                  0                0                1 (0.369)  1     0           
  Supraventricular tachycardia       0                1 (0.369)  1     0                0           
  Tachycardia                        0                0                1 (0.369)  1     0           
                                                                                                    
                                                                                                    
Congenital, familial and genetic disorders
  Thyroglossal cyst                  0                0                0                1 (0.369)  1
                                                                                                    
                                                                                                    
Ear and labyrinth disorders
  Ear discomfort                     1 (0.369)  1     0                0                0           
  Ear pain                           0                0                0                1 (0.369)  1
  Eustachian tube dysfunction        1 (0.369)  1     0                0                0           
  Vertigo                            1 (0.369)  1     1 (0.369)  1     0                1 (0.369)  1
                                                                                                    
                                                                                                    
Hepatobiliary disorders
  Biliary colic                      0                0                1 (0.369)  1     0           
  Hepatosplenomegaly                 0                0                1 (0.369)  1     0           
  Hypertransaminasaemia              0                0                1 (0.369)  1     0           
                                                                                                    
                                                                                                    
Immune system disorders
  Dust allergy                       0                0                1 (0.369)  1     0           
  Seasonal allergy                   0                1 (0.369)  1     0                0           
                                                                                                    
                                                                                                    
                                                                                                    
————————————————————————————————————————————————————————————————————————————————————————————————————





————————————————————————————————————————————————————————————————————————————————————————————————————
                                              65<= years                     18<= to <65 years      
                                        IGlar             I287            IGlar             I287    
                                     N   (%)    E     N   (%)    E     N   (%)    E     N   (%)    E
————————————————————————————————————————————————————————————————————————————————————————————————————
                                                                                                    
                                                                                                    
Investigations
  Blood pressure increased           1 (0.369)  1     0                0                0           
  Body temperature increased         1 (0.369)  1     0                0                0           
  Coagulation time shortened         0                1 (0.369)  3     0                0           
  Heart rate increased               1 (0.369)  3     0                0                0           
  Insulin C-peptide decreased        1 (0.369)  1     0                1 (0.369)  1     0           
  Platelet count decreased           1 (0.369)  1     0                0                0           
  Weight increased                   1 (0.369)  1     0                0                1 (0.369)  1
                                                                                                    
                                                                                                    
Neoplasms benign, malignant and unspecified (incl cysts and polyps)
  Colon adenoma                      0                0                0                1 (0.369)  2
  Lipoma                             0                0                0                1 (0.369)  1
  Melanocytic naevus                 0                0                1 (0.369)  1     0           
                                                                                                    
                                                                                                    
Product issues
  Device battery issue               0                1 (0.369)  1     0                0           
                                                                                                    
                                                                                                    
Psychiatric disorders
  Anxiety                            1 (0.369)  1     1 (0.369)  1     0                0           
  Depression                         0                0                1 (0.369)  1     0           
  Nervousness                        1 (0.369)  1     0                0                0           
  Sleep disorder                     0                0                0                1 (0.369)  1
                                                                                                    
                                                                                                    
Renal and urinary disorders
  Acute kidney injury                0                0                1 (0.369)  1     0           
  Azotaemia                          0                0                1 (0.369)  1     0           
  Hydronephrosis                     0                0                1 (0.369)  1     0           
                                                                                                    
                                                                                                    
Reproductive system and breast disorders
  Benign prostatic hyperplasia       0                1 (0.369)  1     0                0           
  Cervical dysplasia                 0                0                0                1 (0.369)  1
  Erectile dysfunction               0                0                0                1 (0.369)  1
  Metrorrhagia                       0                0                0                1 (0.369)  1
————————————————————————————————————————————————————————————————————————————————————————————————————



