

————————————————————————————————————————————————————————————————————————————————————————————————————
                                                            I287                         IGlar     
AEDECOD                                                N     P      E                N     P      E
————————————————————————————————————————————————————————————————————————————————————————————————————
Abdominal discomfort                                   0                             1    0.0     1
Abdominal pain                                         0                             3    0.0     3
Abdominal pain upper                                   1    0.0     4                0             
Acute kidney injury                                    0                             1    0.0     1
Acute sinusitis                                        0                             1    0.0     1
Age-related macular degeneration                       0                             1    0.0     1
Amblyopia                                              0                             1    0.0     1
Anaemia                                                2    0.0     2                1    0.0     1
Angiopathy                                             1    0.0     1                0             
Anxiety                                                1    0.0     1                1    0.0     1
Aortic arteriosclerosis                                0                             1    0.0     1
Aortic disorder                                        0                             1    0.0     1
Aortic stenosis                                        0                             1    0.0     1
Aphthous ulcer                                         1    0.0     1                0             
Arthralgia                                             1    0.0     1                5    0.0     7
Azotaemia                                              0                             1    0.0     1
Back injury                                            0                             1    0.0     1
Back pain                                              3    0.0     4                3    0.0     3
Benign prostatic hyperplasia                           1    0.0     1                0             
Biliary colic                                          0                             1    0.0     1
Blood pressure increased                               0                             1    0.0     1
Body temperature increased                             0                             1    0.0     1
Bone contusion                                         1    0.0     1                0             
Bronchitis                                             2    0.0     2                3    0.0     3
Bursitis                                               1    0.0     1                0             
Cataract                                               0                             6    0.0     6
Cataract nuclear                                       0                             1    0.0     1
Cellulitis                                             0                             1    0.0     1
Cerebrovascular disorder                               1    0.0     1                0             
Cervical dysplasia                                     1    0.0     1                0             
Chest pain                                             1    0.0     1                1    0.0     1
Chills                                                 1    0.0     1                0             
Chronic gastritis                                      1    0.0     1                0             
Coagulation time shortened                             1    0.0     3                0             
Colon adenoma                                          1    0.0     2                0             
Concussion                                             0                             1    0.0     1
Constipation                                           1    0.0     1                2    0.0     2
Contusion                                              0                             1    0.0     1
Coronary artery disease                                1    0.0     1                0             
Cough                                                  5    0.0     6                2    0.0     3
Cystitis                                               0                             3    0.0     3
Decreased appetite                                     0                             1    0.0     1
Depression                                             0                             1    0.0     1
Dermatitis contact                                     1    0.0     1                0             
Device battery issue                                   1    0.0     1                0             
Device dispensing error                                3    0.0     3                4    0.0     4
Diabetic retinal oedema                                1    0.0     1                0             
Diabetic retinopathy                                   2    0.0     2                4    0.0     4
Diarrhoea                                              4    0.0     4                4    0.0     4
Dilatation atrial                                      0                             1    0.0     1
Dizziness                                              1    0.0     1                2    0.0     2
Dry age-related macular degeneration                   0                             1    0.0     1
Dust allergy                                           0                             1    0.0     1
Dyslipidaemia                                          2    0.0     2                2    0.0     2
Dyspepsia                                              1    0.0     1                1    0.0     2
Ear discomfort                                         0                             1    0.0     1
Ear infection                                          0                             1    0.0     1
Ear pain                                               1    0.0     1                0             
Eczema                                                 1    0.0     1                0             
Emphysematous pyelonephritis                           0                             1    0.0     1
Enteritis                                              1    0.0     1                0             
Erectile dysfunction                                   1    0.0     1                0             
Erythema                                               2    0.0     2                1    0.0     1
Eustachian tube dysfunction                            0                             1    0.0     1
Facial pain                                            1    0.0     3                0             
Fall                                                   0                             2    0.0     2
Fatigue                                                2    0.0     2                0             
Fungal infection                                       0                             1    0.0     1
Gait disturbance                                       1    0.0     1                0             
Gastritis                                              0                             1    0.0     1
Gastroenteritis                                        7    0.0     7                1    0.0     1
Gastroenteritis viral                                  0                             1    0.0     1
Glaucoma                                               1    0.0     1                0             
————————————————————————————————————————————————————————————————————————————————————————————————————





————————————————————————————————————————————————————————————————————————————————————————————————————
                                                            I287                         IGlar     
AEDECOD                                                N     P      E                N     P      E
————————————————————————————————————————————————————————————————————————————————————————————————————
Haematoma                                              0                             1    0.0     1
Headache                                              12    0.0    24                7    0.0    12
Heart rate increased                                   0                             1    0.0     3
Helicobacter infection                                 0                             1    0.0     1
Hepatosplenomegaly                                     0                             1    0.0     1
Herpes simplex                                         1    0.0     2                1    0.0     1
Hydronephrosis                                         0                             1    0.0     1
Hyperkeratosis                                         1    0.0     1                0             
Hypertension                                           0                             4    0.0     4
Hypertensive angiopathy                                1    0.0     1                0             
Hypertransaminasaemia                                  0                             1    0.0     1
Hypoaesthesia                                          0                             1    0.0     1
Hypomagnesaemia                                        0                             1    0.0     1
Hypotension                                            1    0.0     1                0             
Inflammation                                           0                             1    0.0     1
Influenza                                              0                             3    0.0     4
Injection site bruising                                1    0.0     1                0             
Injection site erythema                                0                             1    0.0    20
Injection site haematoma                               1    0.0     2                0             
Injection site haemorrhage                             1    0.0     1                0             
Injection site pain                                    1    0.0     1                1    0.0     1
Injection site reaction                                1    0.0     1                2    0.0     4
Insulin C-peptide decreased                            0                             2    0.0     2
Intervertebral disc degeneration                       1    0.0     1                0             
Intervertebral disc protrusion                         1    0.0     1                0             
Joint injury                                           0                             1    0.0     1
Labyrinthitis                                          0                             1    0.0     1
Laryngitis                                             1    0.0     1                1    0.0     1
Leukocytosis                                           0                             1    0.0     1
Limb injury                                            0                             1    0.0     1
Lipoma                                                 1    0.0     1                0             
Lower limb fracture                                    1    0.0     1                0             
Macular degeneration                                   0                             1    0.0     1
Mastoiditis                                            1    0.0     1                0             
Medical device site discomfort                         0                             1    0.0     2
Melaena                                                0                             1    0.0     1
Melanocytic naevus                                     0                             1    0.0     1
Metrorrhagia                                           1    0.0     1                0             
Miliaria                                               0                             1    0.0     1
Muscle spasms                                          1    0.0     1                1    0.0     1
Muscle strain                                          1    0.0     1                1    0.0     1
Muscular weakness                                      0                             1    0.0     1
Musculoskeletal pain                                   0                             1    0.0     1
Myalgia                                                1    0.0     1                1    0.0     1
Nasal congestion                                       0                             1    0.0     1
Nasopharyngitis                                       10    0.0    13               10    0.0    11
Nausea                                                 2    0.0     2                3    0.0     3
Nervousness                                            0                             1    0.0     1
Neuralgia                                              0                             1    0.0     1
Night sweats                                           0                             1    0.0     1
Onychomycosis                                          1    0.0     1                0             
Oral herpes                                            1    0.0     1                0             
Oropharyngeal pain                                     1    0.0     1                1    0.0     1
Osteoarthritis                                         0                             2    0.0     3
Pain in extremity                                      4    0.0     4                1    0.0     1
Paronychia                                             2    0.0     2                0             
Peptic ulcer                                           1    0.0     1                0             
Petechiae                                              0                             1    0.0     1
Pharyngitis                                            3    0.0     3                1    0.0     3
Pharyngitis streptococcal                              1    0.0     1                0             
Plantar fasciitis                                      0                             1    0.0     1
Platelet count decreased                               0                             1    0.0     1
Pneumonia                                              1    0.0     1                0             
Presbyopia                                             0                             1    0.0     1
Procedural pain                                        1    0.0     1                0             
Pyrexia                                                2    0.0     2                1    0.0     1
Radius fracture                                        1    0.0     1                0             
Rash                                                   2    0.0     2                0             
Respiratory tract infection                            1    0.0     1                0             
Respiratory tract infection viral                      0                             1    0.0     1
Rhinitis                                               3    0.0     4                2    0.0     2
Rhinitis allergic                                      1    0.0     1                0             
Rhinorrhoea                                            2    0.0     2                0             
————————————————————————————————————————————————————————————————————————————————————————————————————





————————————————————————————————————————————————————————————————————————————————————————————————————
                                                            I287                         IGlar     
AEDECOD                                                N     P      E                N     P      E
————————————————————————————————————————————————————————————————————————————————————————————————————
Rib fracture                                           0                             1    0.0     1
Seasonal allergy                                       1    0.0     1                0             
Sinusitis                                              2    0.0     3                1    0.0     1
Skin abrasion                                          1    0.0     1                0             
Skin hypertrophy                                       1    0.0     1                0             
Skin infection                                         1    0.0     1                0             
Sleep disorder                                         1    0.0     1                0             
Spinal osteoarthritis                                  0                             1    0.0     1
Spinal pain                                            0                             1    0.0     1
Supraventricular tachycardia                           1    0.0     1                0             
Tachycardia                                            0                             1    0.0     1
Thyroglossal cyst                                      1    0.0     1                0             
Tinea pedis                                            1    0.0     1                0             
Tooth infection                                        0                             1    0.0     1
Toothache                                              1    0.0     1                1    0.0     1
Tracheitis                                             0                             1    0.0     1
Upper respiratory tract infection                      7    0.0     9                6    0.0     6
Urinary tract infection                                0                             1    0.0     1
Vertebral osteophyte                                   1    0.0     1                0             
Vertigo                                                2    0.0     2                1    0.0     1
Viral infection                                        1    0.0     1                1    0.0     1
Viral upper respiratory tract infection                1    0.0     1                0             
Vomiting                                               2    0.0     2                3    0.0     3
Weight increased                                       1    0.0     1                1    0.0     1
————————————————————————————————————————————————————————————————————————————————————————————————————



