

————————————————————————————————————————————————————————————————————————————————————————————————————
                                                I287                              IGlar             
                                             with a long                       with a long          
                                             name added                        name added           
                                  ————————————————————————————————  ————————————————————————————————
                                  18<= to <65 years    65<= years   18<= to <65 years    65<= years 
                                  —————————————————  —————————————  —————————————————  —————————————
                                     N   (%)    E     N   (%)    E     N   (%)    E     N   (%)    E
————————————————————————————————————————————————————————————————————————————————————————————————————
                                                                                                    
                                                                                                    
Nervous system disorders
  Headache                          11 (4.059) 22     1 (0.369)  2     5 (1.845)  8     2 (0.738)  4
  Dizziness                          1 (0.369)  1     0                2 (0.738)  2     0           
  Cerebrovascular disorder           0                1 (0.369)  1     0                0           
  Hypoaesthesia                      0                0                1 (0.369)  1     0           
  Neuralgia                          0                0                1 (0.369)  1     0           
                                                                                                    
                                                                                                    
Infections and infestations
  Nasopharyngitis                    7 (2.583) 10     3 (1.107)  3     8 (2.952)  9     2 (0.738)  2
  Upper respiratory tract            7 (2.583)  9     0                4 (1.476)  4     2 (0.738)  2
   infection                                                                                        
  Gastroenteritis                    6 (2.214)  6     1 (0.369)  1     1 (0.369)  1     0           
  Bronchitis                         0                2 (0.738)  2     3 (1.107)  3     0           
  Cystitis                           0                0                3 (1.107)  3     0           
  Influenza                          0                0                3 (1.107)  4     0           
  Paronychia                         2 (0.738)  2     0                0                0           
  Pharyngitis                        2 (0.738)  2     1 (0.369)  1     1 (0.369)  3     0           
  Rhinitis                           2 (0.738)  3     1 (0.369)  1     2 (0.738)  2     0           
  Sinusitis                          2 (0.738)  3     0                1 (0.369)  1     0           
  Acute sinusitis                    0                0                0                1 (0.369)  1
  Cellulitis                         0                0                1 (0.369)  1     0           
  Ear infection                      0                0                1 (0.369)  1     0           
  Emphysematous pyelonephritis       0                0                1 (0.369)  1     0           
  Fungal infection                   0                0                1 (0.369)  1     0           
  Gastroenteritis viral              0                0                1 (0.369)  1     0           
  Helicobacter infection             0                0                1 (0.369)  1     0           
  Herpes simplex                     0                1 (0.369)  2     1 (0.369)  1     0           
  Labyrinthitis                      0                0                0                1 (0.369)  1
  Laryngitis                         0                1 (0.369)  1     1 (0.369)  1     0           
  Mastoiditis                        1 (0.369)  1     0                0                0           
  Onychomycosis                      0                1 (0.369)  1     0                0           
  Oral herpes                        0                1 (0.369)  1     0                0           
  Pharyngitis streptococcal          0                1 (0.369)  1     0                0           
  Pneumonia                          1 (0.369)  1     0                0                0           
  Respiratory tract infection        0                1 (0.369)  1     0                0           
  Respiratory tract infection        0                0                0                1 (0.369)  1
   viral                                                                                            
  Skin infection                     1 (0.369)  1     0                0                0           
  Tinea pedis                        0                1 (0.369)  1     0                0           
  Tooth infection                    0                0                1 (0.369)  1     0           
  Tracheitis                         0                0                1 (0.369)  1     0           
  Urinary tract infection            0                0                0                1 (0.369)  1
  Viral infection                    0                1 (0.369)  1     1 (0.369)  1     0           
  Viral upper respiratory tract      1 (0.369)  1     0                0                0           
   infection                                                                                        
                                                                                                    
                                                                                                    
Respiratory, thoracic and
 mediastinal disorders
  Cough                              5 (1.845)  6     0                2 (0.738)  3     0           
  Rhinorrhoea                        2 (0.738)  2     0                0                0           
  Nasal congestion                   0                0                0                1 (0.369)  1
  Oropharyngeal pain                 1 (0.369)  1     0                1 (0.369)  1     0           
  Rhinitis allergic                  0                1 (0.369)  1     0                0           
                                                                                                    
                                                                                                    
                                                                                                    
                                                                                                    
                                                                                                    
                                                                                                    
                                                                                                    
                                                                                                    
                                                                                                    
                                                                                                    
                                                                                                    
————————————————————————————————————————————————————————————————————————————————————————————————————





————————————————————————————————————————————————————————————————————————————————————————————————————
                                                I287                              IGlar             
                                             with a long                       with a long          
                                             name added                        name added           
                                  ————————————————————————————————  ————————————————————————————————
                                  18<= to <65 years    65<= years   18<= to <65 years    65<= years 
                                  —————————————————  —————————————  —————————————————  —————————————
                                     N   (%)    E     N   (%)    E     N   (%)    E     N   (%)    E
————————————————————————————————————————————————————————————————————————————————————————————————————
                                                                                                    
                                                                                                    
Eye disorders
  Cataract                           0                0                2 (0.738)  2     4 (1.476)  4
  Diabetic retinopathy               2 (0.738)  2     0                3 (1.107)  3     1 (0.369)  1
  Age-related macular                0                0                1 (0.369)  1     0           
   degeneration                                                                                     
  Amblyopia                          0                0                0                1 (0.369)  1
  Cataract nuclear                   0                0                1 (0.369)  1     0           
  Diabetic retinal oedema            1 (0.369)  1     0                0                0           
  Dry age-related macular            0                0                0                1 (0.369)  1
   degeneration                                                                                     
  Glaucoma                           0                1 (0.369)  1     0                0           
  Macular degeneration               0                0                1 (0.369)  1     0           
  Presbyopia                         0                0                1 (0.369)  1     0           
                                                                                                    
                                                                                                    
Injury, poisoning and procedural
 complications
  Device dispensing error            3 (1.107)  3     0                4 (1.476)  4     0           
  Fall                               0                0                2 (0.738)  2     0           
  Back injury                        0                0                1 (0.369)  1     0           
  Bone contusion                     0                1 (0.369)  1     0                0           
  Concussion                         0                0                1 (0.369)  1     0           
  Contusion                          0                0                1 (0.369)  1     0           
  Joint injury                       0                0                0                1 (0.369)  1
  Limb injury                        0                0                0                1 (0.369)  1
  Lower limb fracture                1 (0.369)  1     0                0                0           
  Muscle strain                      1 (0.369)  1     0                1 (0.369)  1     0           
  Procedural pain                    1 (0.369)  1     0                0                0           
  Radius fracture                    1 (0.369)  1     0                0                0           
  Rib fracture                       0                0                0                1 (0.369)  1
  Skin abrasion                      1 (0.369)  1     0                0                0           
                                                                                                    
                                                                                                    
Gastrointestinal disorders
  Abdominal pain                     0                0                3 (1.107)  3     0           
  Diarrhoea                          3 (1.107)  3     1 (0.369)  1     2 (0.738)  2     2 (0.738)  2
  Nausea                             1 (0.369)  1     1 (0.369)  1     2 (0.738)  2     1 (0.369)  1
  Vomiting                           1 (0.369)  1     1 (0.369)  1     2 (0.738)  2     1 (0.369)  1
  Abdominal discomfort               0                0                1 (0.369)  1     0           
  Abdominal pain upper               1 (0.369)  4     0                0                0           
  Aphthous ulcer                     0                1 (0.369)  1     0                0           
  Chronic gastritis                  1 (0.369)  1     0                0                0           
  Constipation                       1 (0.369)  1     0                1 (0.369)  1     1 (0.369)  1
  Dyspepsia                          0                1 (0.369)  1     1 (0.369)  2     0           
  Enteritis                          1 (0.369)  1     0                0                0           
  Gastritis                          0                0                0                1 (0.369)  1
  Melaena                            0                0                1 (0.369)  1     0           
  Peptic ulcer                       0                1 (0.369)  1     0                0           
  Toothache                          0                1 (0.369)  1     1 (0.369)  1     0           
                                                                                                    
                                                                                                    
                                                                                                    
                                                                                                    
                                                                                                    
                                                                                                    
                                                                                                    
                                                                                                    
                                                                                                    
                                                                                                    
                                                                                                    
                                                                                                    
                                                                                                    
                                                                                                    
                                                                                                    
                                                                                                    
                                                                                                    
————————————————————————————————————————————————————————————————————————————————————————————————————





————————————————————————————————————————————————————————————————————————————————————————————————————
                                                I287                              IGlar             
                                             with a long                       with a long          
                                             name added                        name added           
                                  ————————————————————————————————  ————————————————————————————————
                                  18<= to <65 years    65<= years   18<= to <65 years    65<= years 
                                  —————————————————  —————————————  —————————————————  —————————————
                                     N   (%)    E     N   (%)    E     N   (%)    E     N   (%)    E
————————————————————————————————————————————————————————————————————————————————————————————————————
                                                                                                    
                                                                                                    
Musculoskeletal and connective
 tissue disorders
  Arthralgia                         1 (0.369)  1     0                2 (0.738)  2     3 (1.107)  5
  Back pain                          3 (1.107)  4     0                0                3 (1.107)  3
  Pain in extremity                  3 (1.107)  3     1 (0.369)  1     1 (0.369)  1     0           
  Bursitis                           1 (0.369)  1     0                0                0           
  Intervertebral disc protrusion     1 (0.369)  1     0                0                0           
  Intervertebral disc                1 (0.369)  1     0                0                0           
   degeneration                                                                                     
  Muscle spasms                      1 (0.369)  1     0                0                1 (0.369)  1
  Muscular weakness                  0                0                1 (0.369)  1     0           
  Musculoskeletal pain               0                0                0                1 (0.369)  1
  Myalgia                            1 (0.369)  1     0                1 (0.369)  1     0           
  Osteoarthritis                     0                0                1 (0.369)  1     1 (0.369)  2
  Plantar fasciitis                  0                0                1 (0.369)  1     0           
  Spinal osteoarthritis              0                0                1 (0.369)  1     0           
  Spinal pain                        0                0                0                1 (0.369)  1
  Vertebral osteophyte               1 (0.369)  1     0                0                0           
                                                                                                    
                                                                                                    
Vascular disorders
  Hypertension                       0                0                3 (1.107)  3     1 (0.369)  1
  Angiopathy                         0                1 (0.369)  1     0                0           
  Aortic arteriosclerosis            0                0                1 (0.369)  1     0           
  Aortic disorder                    0                0                1 (0.369)  1     0           
  Aortic stenosis                    0                0                1 (0.369)  1     0           
  Haematoma                          0                0                0                1 (0.369)  1
  Hypertensive angiopathy            0                1 (0.369)  1     0                0           
  Hypotension                        1 (0.369)  1     0                0                0           
                                                                                                    
                                                                                                    
General disorders and
 administration site conditions
  Pyrexia                            2 (0.738)  2     0                1 (0.369)  1     0           
  Chest pain                         1 (0.369)  1     0                1 (0.369)  1     0           
  Chills                             1 (0.369)  1     0                0                0           
  Facial pain                        1 (0.369)  3     0                0                0           
  Fatigue                            1 (0.369)  1     1 (0.369)  1     0                0           
  Gait disturbance                   1 (0.369)  1     0                0                0           
  Inflammation                       0                0                1 (0.369)  1     0           
  Injection site bruising            1 (0.369)  1     0                0                0           
  Injection site erythema            0                0                1 (0.369) 20     0           
  Injection site haematoma           1 (0.369)  2     0                0                0           
  Injection site haemorrhage         1 (0.369)  1     0                0                0           
  Injection site pain                1 (0.369)  1     0                1 (0.369)  1     0           
  Injection site reaction            0                1 (0.369)  1     1 (0.369)  2     1 (0.369)  2
  Medical device site discomfort     0                0                0                1 (0.369)  2
                                                                                                    
                                                                                                    
Metabolism and nutrition
 disorders
  Dyslipidaemia                      1 (0.369)  1     1 (0.369)  1     2 (0.738)  2     0           
  Decreased appetite                 0                0                1 (0.369)  1     0           
  Hypomagnesaemia                    0                0                1 (0.369)  1     0           
                                                                                                    
                                                                                                    
                                                                                                    
                                                                                                    
                                                                                                    
                                                                                                    
                                                                                                    
                                                                                                    
                                                                                                    
                                                                                                    
                                                                                                    
                                                                                                    
————————————————————————————————————————————————————————————————————————————————————————————————————





————————————————————————————————————————————————————————————————————————————————————————————————————
                                                I287                              IGlar             
                                             with a long                       with a long          
                                             name added                        name added           
                                  ————————————————————————————————  ————————————————————————————————
                                  18<= to <65 years    65<= years   18<= to <65 years    65<= years 
                                  —————————————————  —————————————  —————————————————  —————————————
                                     N   (%)    E     N   (%)    E     N   (%)    E     N   (%)    E
————————————————————————————————————————————————————————————————————————————————————————————————————
                                                                                                    
                                                                                                    
Skin and subcutaneous tissue
 disorders
  Rash                               2 (0.738)  2     0                0                0           
  Dermatitis contact                 0                1 (0.369)  1     0                0           
  Eczema                             1 (0.369)  1     0                0                0           
  Erythema                           1 (0.369)  1     1 (0.369)  1     0                1 (0.369)  1
  Hyperkeratosis                     1 (0.369)  1     0                0                0           
  Miliaria                           0                0                1 (0.369)  1     0           
  Night sweats                       0                0                0                1 (0.369)  1
  Petechiae                          0                0                1 (0.369)  1     0           
  Skin hypertrophy                   0                1 (0.369)  1     0                0           
                                                                                                    
                                                                                                    
Blood and lymphatic system
 disorders
  Anaemia                            1 (0.369)  1     1 (0.369)  1     1 (0.369)  1     0           
  Leukocytosis                       0                0                1 (0.369)  1     0           
                                                                                                    
                                                                                                    
Cardiac disorders
  Coronary artery disease            1 (0.369)  1     0                0                0           
  Dilatation atrial                  0                0                1 (0.369)  1     0           
  Supraventricular tachycardia       0                1 (0.369)  1     0                0           
  Tachycardia                        0                0                1 (0.369)  1     0           
                                                                                                    
                                                                                                    
Congenital, familial and genetic
 disorders
  Thyroglossal cyst                  1 (0.369)  1     0                0                0           
                                                                                                    
                                                                                                    
Ear and labyrinth disorders
  Ear discomfort                     0                0                0                1 (0.369)  1
  Ear pain                           1 (0.369)  1     0                0                0           
  Eustachian tube dysfunction        0                0                0                1 (0.369)  1
  Vertigo                            1 (0.369)  1     1 (0.369)  1     0                1 (0.369)  1
                                                                                                    
                                                                                                    
Hepatobiliary disorders
  Biliary colic                      0                0                1 (0.369)  1     0           
  Hepatosplenomegaly                 0                0                1 (0.369)  1     0           
  Hypertransaminasaemia              0                0                1 (0.369)  1     0           
                                                                                                    
                                                                                                    
Immune system disorders
  Dust allergy                       0                0                1 (0.369)  1     0           
  Seasonal allergy                   0                1 (0.369)  1     0                0           
                                                                                                    
                                                                                                    
Investigations
  Blood pressure increased           0                0                0                1 (0.369)  1
  Body temperature increased         0                0                0                1 (0.369)  1
  Coagulation time shortened         0                1 (0.369)  3     0                0           
  Heart rate increased               0                0                0                1 (0.369)  3
  Insulin C-peptide decreased        0                0                1 (0.369)  1     1 (0.369)  1
  Platelet count decreased           0                0                0                1 (0.369)  1
  Weight increased                   1 (0.369)  1     0                0                1 (0.369)  1
                                                                                                    
                                                                                                    
Neoplasms benign, malignant and
 unspecified (incl cysts and
 polyps)
  Colon adenoma                      1 (0.369)  2     0                0                0           
  Lipoma                             1 (0.369)  1     0                0                0           
  Melanocytic naevus                 0                0                1 (0.369)  1     0           
                                                                                                    
————————————————————————————————————————————————————————————————————————————————————————————————————





————————————————————————————————————————————————————————————————————————————————————————————————————
                                                I287                              IGlar             
                                             with a long                       with a long          
                                             name added                        name added           
                                  ————————————————————————————————  ————————————————————————————————
                                  18<= to <65 years    65<= years   18<= to <65 years    65<= years 
                                  —————————————————  —————————————  —————————————————  —————————————
                                     N   (%)    E     N   (%)    E     N   (%)    E     N   (%)    E
————————————————————————————————————————————————————————————————————————————————————————————————————
                                                                                                    
Product issues
  Device battery issue               0                1 (0.369)  1     0                0           
                                                                                                    
                                                                                                    
Psychiatric disorders
  Anxiety                            0                1 (0.369)  1     0                1 (0.369)  1
  Depression                         0                0                1 (0.369)  1     0           
  Nervousness                        0                0                0                1 (0.369)  1
  Sleep disorder                     1 (0.369)  1     0                0                0           
                                                                                                    
                                                                                                    
Renal and urinary disorders
  Acute kidney injury                0                0                1 (0.369)  1     0           
  Azotaemia                          0                0                1 (0.369)  1     0           
  Hydronephrosis                     0                0                1 (0.369)  1     0           
                                                                                                    
                                                                                                    
Reproductive system and breast
 disorders
  Benign prostatic hyperplasia       0                1 (0.369)  1     0                0           
  Cervical dysplasia                 1 (0.369)  1     0                0                0           
  Erectile dysfunction               1 (0.369)  1     0                0                0           
  Metrorrhagia                       1 (0.369)  1     0                0                0           
————————————————————————————————————————————————————————————————————————————————————————————————————



