

————————————————————————————————————————————————————————————————————————————————————————————————————
                                             65<= years                     18<= to <65 years       
                                        I287            IGlar             I287            IGlar     
                                    with a long      with a long      with a long      with a long  
                                     name added       name added       name added       name added  
                                   N    (%)    E    N    (%)    E    N    (%)    E    N    (%)    E 
————————————————————————————————————————————————————————————————————————————————————————————————————
                                                                                                    
                                                                                                    
Nervous system disorders
  Headache                          1 (0.369)   2    2 (0.738)   4   11 (4.059)  22    5 (1.845)   8
  Dizziness                         0                0                1 (0.369)   1    2 (0.738)   2
  Cerebrovascular disorder          1 (0.369)   1    0                0                0            
  Hypoaesthesia                     0                0                0                1 (0.369)   1
  Neuralgia                         0                0                0                1 (0.369)   1
                                                                                                    
                                                                                                    
Infections and infestations
  Nasopharyngitis                   3 (1.107)   3    2 (0.738)   2    7 (2.583)  10    8 (2.952)   9
  Upper respiratory tract           0                2 (0.738)   2    7 (2.583)   9    4 (1.476)   4
   infection                                                                                        
  Gastroenteritis                   1 (0.369)   1    0                6 (2.214)   6    1 (0.369)   1
  Bronchitis                        2 (0.738)   2    0                0                3 (1.107)   3
  Cystitis                          0                0                0                3 (1.107)   3
  Influenza                         0                0                0                3 (1.107)   4
  Paronychia                        0                0                2 (0.738)   2    0            
  Pharyngitis                       1 (0.369)   1    0                2 (0.738)   2    1 (0.369)   3
  Rhinitis                          1 (0.369)   1    0                2 (0.738)   3    2 (0.738)   2
  Sinusitis                         0                0                2 (0.738)   3    1 (0.369)   1
  Acute sinusitis                   0                1 (0.369)   1    0                0            
  Cellulitis                        0                0                0                1 (0.369)   1
  Ear infection                     0                0                0                1 (0.369)   1
  Emphysematous pyelonephritis      0                0                0                1 (0.369)   1
  Fungal infection                  0                0                0                1 (0.369)   1
  Gastroenteritis viral             0                0                0                1 (0.369)   1
  Helicobacter infection            0                0                0                1 (0.369)   1
  Herpes simplex                    1 (0.369)   2    0                0                1 (0.369)   1
  Labyrinthitis                     0                1 (0.369)   1    0                0            
  Laryngitis                        1 (0.369)   1    0                0                1 (0.369)   1
  Mastoiditis                       0                0                1 (0.369)   1    0            
  Onychomycosis                     1 (0.369)   1    0                0                0            
  Oral herpes                       1 (0.369)   1    0                0                0            
  Pharyngitis streptococcal         1 (0.369)   1    0                0                0            
  Pneumonia                         0                0                1 (0.369)   1    0            
  Respiratory tract infection       1 (0.369)   1    0                0                0            
  Respiratory tract infection       0                1 (0.369)   1    0                0            
   viral                                                                                            
  Skin infection                    0                0                1 (0.369)   1    0            
  Tinea pedis                       1 (0.369)   1    0                0                0            
  Tooth infection                   0                0                0                1 (0.369)   1
  Tracheitis                        0                0                0                1 (0.369)   1
  Urinary tract infection           0                1 (0.369)   1    0                0            
  Viral infection                   1 (0.369)   1    0                0                1 (0.369)   1
  Viral upper respiratory tract     0                0                1 (0.369)   1    0            
   infection                                                                                        
                                                                                                    
                                                                                                    
Respiratory, thoracic and mediastinal disorders
  Cough                             0                0                5 (1.845)   6    2 (0.738)   3
  Rhinorrhoea                       0                0                2 (0.738)   2    0            
  Nasal congestion                  0                1 (0.369)   1    0                0            
  Oropharyngeal pain                0                0                1 (0.369)   1    1 (0.369)   1
  Rhinitis allergic                 1 (0.369)   1    0                0                0            
                                                                                                    
                                                                                                    
                                                                                                    
                                                                                                    
                                                                                                    
                                                                                                    
                                                                                                    
————————————————————————————————————————————————————————————————————————————————————————————————————





————————————————————————————————————————————————————————————————————————————————————————————————————
                                             65<= years                     18<= to <65 years       
                                        I287            IGlar             I287            IGlar     
                                    with a long      with a long      with a long      with a long  
                                     name added       name added       name added       name added  
                                   N    (%)    E    N    (%)    E    N    (%)    E    N    (%)    E 
————————————————————————————————————————————————————————————————————————————————————————————————————
                                                                                                    
                                                                                                    
Eye disorders
  Cataract                          0                4 (1.476)   4    0                2 (0.738)   2
  Diabetic retinopathy              0                1 (0.369)   1    2 (0.738)   2    3 (1.107)   3
  Age-related macular               0                0                0                1 (0.369)   1
   degeneration                                                                                     
  Amblyopia                         0                1 (0.369)   1    0                0            
  Cataract nuclear                  0                0                0                1 (0.369)   1
  Diabetic retinal oedema           0                0                1 (0.369)   1    0            
  Dry age-related macular           0                1 (0.369)   1    0                0            
   degeneration                                                                                     
  Glaucoma                          1 (0.369)   1    0                0                0            
  Macular degeneration              0                0                0                1 (0.369)   1
  Presbyopia                        0                0                0                1 (0.369)   1
                                                                                                    
                                                                                                    
Injury, poisoning and procedural complications
  Device dispensing error           0                0                3 (1.107)   3    4 (1.476)   4
  Fall                              0                0                0                2 (0.738)   2
  Back injury                       0                0                0                1 (0.369)   1
  Bone contusion                    1 (0.369)   1    0                0                0            
  Concussion                        0                0                0                1 (0.369)   1
  Contusion                         0                0                0                1 (0.369)   1
  Joint injury                      0                1 (0.369)   1    0                0            
  Limb injury                       0                1 (0.369)   1    0                0            
  Lower limb fracture               0                0                1 (0.369)   1    0            
  Muscle strain                     0                0                1 (0.369)   1    1 (0.369)   1
  Procedural pain                   0                0                1 (0.369)   1    0            
  Radius fracture                   0                0                1 (0.369)   1    0            
  Rib fracture                      0                1 (0.369)   1    0                0            
  Skin abrasion                     0                0                1 (0.369)   1    0            
                                                                                                    
                                                                                                    
Gastrointestinal disorders
  Abdominal pain                    0                0                0                3 (1.107)   3
  Diarrhoea                         1 (0.369)   1    2 (0.738)   2    3 (1.107)   3    2 (0.738)   2
  Nausea                            1 (0.369)   1    1 (0.369)   1    1 (0.369)   1    2 (0.738)   2
  Vomiting                          1 (0.369)   1    1 (0.369)   1    1 (0.369)   1    2 (0.738)   2
  Abdominal discomfort              0                0                0                1 (0.369)   1
  Abdominal pain upper              0                0                1 (0.369)   4    0            
  Aphthous ulcer                    1 (0.369)   1    0                0                0            
  Chronic gastritis                 0                0                1 (0.369)   1    0            
  Constipation                      0                1 (0.369)   1    1 (0.369)   1    1 (0.369)   1
  Dyspepsia                         1 (0.369)   1    0                0                1 (0.369)   2
  Enteritis                         0                0                1 (0.369)   1    0            
  Gastritis                         0                1 (0.369)   1    0                0            
  Melaena                           0                0                0                1 (0.369)   1
  Peptic ulcer                      1 (0.369)   1    0                0                0            
  Toothache                         1 (0.369)   1    0                0                1 (0.369)   1
                                                                                                    
                                                                                                    
                                                                                                    
                                                                                                    
                                                                                                    
                                                                                                    
                                                                                                    
                                                                                                    
                                                                                                    
                                                                                                    
                                                                                                    
                                                                                                    
                                                                                                    
————————————————————————————————————————————————————————————————————————————————————————————————————





————————————————————————————————————————————————————————————————————————————————————————————————————
                                             65<= years                     18<= to <65 years       
                                        I287            IGlar             I287            IGlar     
                                    with a long      with a long      with a long      with a long  
                                     name added       name added       name added       name added  
                                   N    (%)    E    N    (%)    E    N    (%)    E    N    (%)    E 
————————————————————————————————————————————————————————————————————————————————————————————————————
                                                                                                    
                                                                                                    
Musculoskeletal and connective tissue disorders
  Arthralgia                        0                3 (1.107)   5    1 (0.369)   1    2 (0.738)   2
  Back pain                         0                3 (1.107)   3    3 (1.107)   4    0            
  Pain in extremity                 1 (0.369)   1    0                3 (1.107)   3    1 (0.369)   1
  Bursitis                          0                0                1 (0.369)   1    0            
  Intervertebral disc protrusion    0                0                1 (0.369)   1    0            
  Intervertebral disc               0                0                1 (0.369)   1    0            
   degeneration                                                                                     
  Muscle spasms                     0                1 (0.369)   1    1 (0.369)   1    0            
  Muscular weakness                 0                0                0                1 (0.369)   1
  Musculoskeletal pain              0                1 (0.369)   1    0                0            
  Myalgia                           0                0                1 (0.369)   1    1 (0.369)   1
  Osteoarthritis                    0                1 (0.369)   2    0                1 (0.369)   1
  Plantar fasciitis                 0                0                0                1 (0.369)   1
  Spinal osteoarthritis             0                0                0                1 (0.369)   1
  Spinal pain                       0                1 (0.369)   1    0                0            
  Vertebral osteophyte              0                0                1 (0.369)   1    0            
                                                                                                    
                                                                                                    
Vascular disorders
  Hypertension                      0                1 (0.369)   1    0                3 (1.107)   3
  Angiopathy                        1 (0.369)   1    0                0                0            
  Aortic arteriosclerosis           0                0                0                1 (0.369)   1
  Aortic disorder                   0                0                0                1 (0.369)   1
  Aortic stenosis                   0                0                0                1 (0.369)   1
  Haematoma                         0                1 (0.369)   1    0                0            
  Hypertensive angiopathy           1 (0.369)   1    0                0                0            
  Hypotension                       0                0                1 (0.369)   1    0            
                                                                                                    
                                                                                                    
General disorders and administration site conditions
  Pyrexia                           0                0                2 (0.738)   2    1 (0.369)   1
  Chest pain                        0                0                1 (0.369)   1    1 (0.369)   1
  Chills                            0                0                1 (0.369)   1    0            
  Facial pain                       0                0                1 (0.369)   3    0            
  Fatigue                           1 (0.369)   1    0                1 (0.369)   1    0            
  Gait disturbance                  0                0                1 (0.369)   1    0            
  Inflammation                      0                0                0                1 (0.369)   1
  Injection site bruising           0                0                1 (0.369)   1    0            
  Injection site erythema           0                0                0                1 (0.369)  20
  Injection site haematoma          0                0                1 (0.369)   2    0            
  Injection site haemorrhage        0                0                1 (0.369)   1    0            
  Injection site pain               0                0                1 (0.369)   1    1 (0.369)   1
  Injection site reaction           1 (0.369)   1    1 (0.369)   2    0                1 (0.369)   2
  Medical device site discomfort    0                1 (0.369)   2    0                0            
                                                                                                    
                                                                                                    
Metabolism and nutrition disorders
  Dyslipidaemia                     1 (0.369)   1    0                1 (0.369)   1    2 (0.738)   2
  Decreased appetite                0                0                0                1 (0.369)   1
  Hypomagnesaemia                   0                0                0                1 (0.369)   1
                                                                                                    
                                                                                                    
                                                                                                    
                                                                                                    
                                                                                                    
                                                                                                    
                                                                                                    
                                                                                                    
                                                                                                    
                                                                                                    
————————————————————————————————————————————————————————————————————————————————————————————————————





————————————————————————————————————————————————————————————————————————————————————————————————————
                                             65<= years                     18<= to <65 years       
                                        I287            IGlar             I287            IGlar     
                                    with a long      with a long      with a long      with a long  
                                     name added       name added       name added       name added  
                                   N    (%)    E    N    (%)    E    N    (%)    E    N    (%)    E 
————————————————————————————————————————————————————————————————————————————————————————————————————
                                                                                                    
                                                                                                    
Skin and subcutaneous tissue disorders
  Rash                              0                0                2 (0.738)   2    0            
  Dermatitis contact                1 (0.369)   1    0                0                0            
  Eczema                            0                0                1 (0.369)   1    0            
  Erythema                          1 (0.369)   1    1 (0.369)   1    1 (0.369)   1    0            
  Hyperkeratosis                    0                0                1 (0.369)   1    0            
  Miliaria                          0                0                0                1 (0.369)   1
  Night sweats                      0                1 (0.369)   1    0                0            
  Petechiae                         0                0                0                1 (0.369)   1
  Skin hypertrophy                  1 (0.369)   1    0                0                0            
                                                                                                    
                                                                                                    
Blood and lymphatic system disorders
  Anaemia                           1 (0.369)   1    0                1 (0.369)   1    1 (0.369)   1
  Leukocytosis                      0                0                0                1 (0.369)   1
                                                                                                    
                                                                                                    
Cardiac disorders
  Coronary artery disease           0                0                1 (0.369)   1    0            
  Dilatation atrial                 0                0                0                1 (0.369)   1
  Supraventricular tachycardia      1 (0.369)   1    0                0                0            
  Tachycardia                       0                0                0                1 (0.369)   1
                                                                                                    
                                                                                                    
Congenital, familial and genetic disorders
  Thyroglossal cyst                 0                0                1 (0.369)   1    0            
                                                                                                    
                                                                                                    
Ear and labyrinth disorders
  Ear discomfort                    0                1 (0.369)   1    0                0            
  Ear pain                          0                0                1 (0.369)   1    0            
  Eustachian tube dysfunction       0                1 (0.369)   1    0                0            
  Vertigo                           1 (0.369)   1    1 (0.369)   1    1 (0.369)   1    0            
                                                                                                    
                                                                                                    
Hepatobiliary disorders
  Biliary colic                     0                0                0                1 (0.369)   1
  Hepatosplenomegaly                0                0                0                1 (0.369)   1
  Hypertransaminasaemia             0                0                0                1 (0.369)   1
                                                                                                    
                                                                                                    
Immune system disorders
  Dust allergy                      0                0                0                1 (0.369)   1
  Seasonal allergy                  1 (0.369)   1    0                0                0            
                                                                                                    
                                                                                                    
Investigations
  Blood pressure increased          0                1 (0.369)   1    0                0            
  Body temperature increased        0                1 (0.369)   1    0                0            
  Coagulation time shortened        1 (0.369)   3    0                0                0            
  Heart rate increased              0                1 (0.369)   3    0                0            
  Insulin C-peptide decreased       0                1 (0.369)   1    0                1 (0.369)   1
  Platelet count decreased          0                1 (0.369)   1    0                0            
  Weight increased                  0                1 (0.369)   1    1 (0.369)   1    0            
                                                                                                    
                                                                                                    
Neoplasms benign, malignant and unspecified (incl cysts and polyps)
  Colon adenoma                     0                0                1 (0.369)   2    0            
  Lipoma                            0                0                1 (0.369)   1    0            
  Melanocytic naevus                0                0                0                1 (0.369)   1
                                                                                                    
————————————————————————————————————————————————————————————————————————————————————————————————————





————————————————————————————————————————————————————————————————————————————————————————————————————
                                             65<= years                     18<= to <65 years       
                                        I287            IGlar             I287            IGlar     
                                    with a long      with a long      with a long      with a long  
                                     name added       name added       name added       name added  
                                   N    (%)    E    N    (%)    E    N    (%)    E    N    (%)    E 
————————————————————————————————————————————————————————————————————————————————————————————————————
                                                                                                    
Product issues
  Device battery issue              1 (0.369)   1    0                0                0            
                                                                                                    
                                                                                                    
Psychiatric disorders
  Anxiety                           1 (0.369)   1    1 (0.369)   1    0                0            
  Depression                        0                0                0                1 (0.369)   1
  Nervousness                       0                1 (0.369)   1    0                0            
  Sleep disorder                    0                0                1 (0.369)   1    0            
                                                                                                    
                                                                                                    
Renal and urinary disorders
  Acute kidney injury               0                0                0                1 (0.369)   1
  Azotaemia                         0                0                0                1 (0.369)   1
  Hydronephrosis                    0                0                0                1 (0.369)   1
                                                                                                    
                                                                                                    
Reproductive system and breast disorders
  Benign prostatic hyperplasia      1 (0.369)   1    0                0                0            
  Cervical dysplasia                0                0                1 (0.369)   1    0            
  Erectile dysfunction              0                0                1 (0.369)   1    0            
  Metrorrhagia                      0                0                1 (0.369)   1    0            
————————————————————————————————————————————————————————————————————————————————————————————————————



