

————————————————————————————————————————————————————————————————————————————————————————————————————
                                                     I287                              IGlar        
some name                                      N        (%)      E               N        (%)      E
————————————————————————————————————————————————————————————————————————————————————————————————————
                                                                                                    
                                                                                                    
                                                                                                    
Number of subjects                          130                               117                   
Total exposure (years)                       63.68                             56.45                
                                                                                                    
                                                                                                    
Nervous system disorders                                                                            
  Headache                                   12       (0.04)    24              7       (0.03)    12
  Dizziness                                   1       (0.00)     1              2       (0.01)     2
  Cerebrovascular disorder                    1       (0.00)     1              0                   
  Hypoaesthesia                               0                                 1       (0.00)     1
  Neuralgia                                   0                                 1       (0.00)     1
                                                                                                    
                                                                                                    
Infections and infestations                                                                         
  Nasopharyngitis                            10       (0.04)    13             10       (0.04)    11
  Gastroenteritis                             7       (0.03)     7              1       (0.00)     1
  Upper respiratory tract                     7       (0.03)     9              6       (0.02)     6
   infection                                                                                        
  Bronchitis                                  2       (0.01)     2              3       (0.01)     3
  Cystitis                                    0                                 3       (0.01)     3
  Influenza                                   0                                 3       (0.01)     4
  Pharyngitis                                 3       (0.01)     3              1       (0.00)     3
  Rhinitis                                    3       (0.01)     4              2       (0.01)     2
  Paronychia                                  2       (0.01)     2              0                   
  Sinusitis                                   2       (0.01)     3              1       (0.00)     1
  Acute sinusitis                             0                                 1       (0.00)     1
  Cellulitis                                  0                                 1       (0.00)     1
  Ear infection                               0                                 1       (0.00)     1
  Emphysematous pyelonephritis                0                                 1       (0.00)     1
  Fungal infection                            0                                 1       (0.00)     1
  Gastroenteritis viral                       0                                 1       (0.00)     1
  Helicobacter infection                      0                                 1       (0.00)     1
  Herpes simplex                              1       (0.00)     2              1       (0.00)     1
  Labyrinthitis                               0                                 1       (0.00)     1
  Laryngitis                                  1       (0.00)     1              1       (0.00)     1
  Mastoiditis                                 1       (0.00)     1              0                   
  Onychomycosis                               1       (0.00)     1              0                   
  Oral herpes                                 1       (0.00)     1              0                   
  Pharyngitis streptococcal                   1       (0.00)     1              0                   
  Pneumonia                                   1       (0.00)     1              0                   
  Respiratory tract infection                 1       (0.00)     1              0                   
  Respiratory tract infection                 0                                 1       (0.00)     1
   viral                                                                                            
  Skin infection                              1       (0.00)     1              0                   
  Tinea pedis                                 1       (0.00)     1              0                   
  Tooth infection                             0                                 1       (0.00)     1
  Tracheitis                                  0                                 1       (0.00)     1
  Urinary tract infection                     0                                 1       (0.00)     1
  Viral infection                             1       (0.00)     1              1       (0.00)     1
  Viral upper respiratory tract               1       (0.00)     1              0                   
   infection                                                                                        
                                                                                                    
                                                                                                    
Eye disorders                                                                                       
  Cataract                                    0                                 6       (0.02)     6
  Diabetic retinopathy                        2       (0.01)     2              4       (0.01)     4
  Age-related macular                         0                                 1       (0.00)     1
   degeneration                                                                                     
  Amblyopia                                   0                                 1       (0.00)     1
  Cataract nuclear                            0                                 1       (0.00)     1
  Diabetic retinal oedema                     1       (0.00)     1              0                   
  Dry age-related macular                     0                                 1       (0.00)     1
   degeneration                                                                                     
  Glaucoma                                    1       (0.00)     1              0                   
  Macular degeneration                        0                                 1       (0.00)     1
  Presbyopia                                  0                                 1       (0.00)     1
                                                                                                    
                                                                                                    
                                                                                                    
                                                                                                    
                                                                                                    
————————————————————————————————————————————————————————————————————————————————————————————————————





————————————————————————————————————————————————————————————————————————————————————————————————————
                                                     I287                              IGlar        
some name                                      N        (%)      E               N        (%)      E
————————————————————————————————————————————————————————————————————————————————————————————————————
                                                                                                    
                                                                                                    
Musculoskeletal and connective                                                                      
 tissue disorders                                                                                   
  Arthralgia                                  1       (0.00)     1              5       (0.02)     7
  Pain in extremity                           4       (0.01)     4              1       (0.00)     1
  Back pain                                   3       (0.01)     4              3       (0.01)     3
  Osteoarthritis                              0                                 2       (0.01)     3
  Bursitis                                    1       (0.00)     1              0                   
  Intervertebral disc protrusion              1       (0.00)     1              0                   
  Intervertebral disc                         1       (0.00)     1              0                   
   degeneration                                                                                     
  Muscle spasms                               1       (0.00)     1              1       (0.00)     1
  Muscular weakness                           0                                 1       (0.00)     1
  Musculoskeletal pain                        0                                 1       (0.00)     1
  Myalgia                                     1       (0.00)     1              1       (0.00)     1
  Plantar fasciitis                           0                                 1       (0.00)     1
  Spinal osteoarthritis                       0                                 1       (0.00)     1
  Spinal pain                                 0                                 1       (0.00)     1
  Vertebral osteophyte                        1       (0.00)     1              0                   
                                                                                                    
                                                                                                    
Respiratory, thoracic and                                                                           
 mediastinal disorders                                                                              
  Cough                                       5       (0.02)     6              2       (0.01)     3
  Rhinorrhoea                                 2       (0.01)     2              0                   
  Nasal congestion                            0                                 1       (0.00)     1
  Oropharyngeal pain                          1       (0.00)     1              1       (0.00)     1
  Rhinitis allergic                           1       (0.00)     1              0                   
                                                                                                    
                                                                                                    
Gastrointestinal disorders                                                                          
  Diarrhoea                                   4       (0.01)     4              4       (0.01)     4
  Abdominal pain                              0                                 3       (0.01)     3
  Nausea                                      2       (0.01)     2              3       (0.01)     3
  Vomiting                                    2       (0.01)     2              3       (0.01)     3
  Constipation                                1       (0.00)     1              2       (0.01)     2
  Abdominal discomfort                        0                                 1       (0.00)     1
  Abdominal pain upper                        1       (0.00)     4              0                   
  Aphthous ulcer                              1       (0.00)     1              0                   
  Chronic gastritis                           1       (0.00)     1              0                   
  Dyspepsia                                   1       (0.00)     1              1       (0.00)     2
  Enteritis                                   1       (0.00)     1              0                   
  Gastritis                                   0                                 1       (0.00)     1
  Melaena                                     0                                 1       (0.00)     1
  Peptic ulcer                                1       (0.00)     1              0                   
  Toothache                                   1       (0.00)     1              1       (0.00)     1
                                                                                                    
                                                                                                    
Injury, poisoning and procedural                                                                    
 complications                                                                                      
  Device dispensing error                     3       (0.01)     3              4       (0.01)     4
  Fall                                        0                                 2       (0.01)     2
  Back injury                                 0                                 1       (0.00)     1
  Bone contusion                              1       (0.00)     1              0                   
  Concussion                                  0                                 1       (0.00)     1
  Contusion                                   0                                 1       (0.00)     1
  Joint injury                                0                                 1       (0.00)     1
  Limb injury                                 0                                 1       (0.00)     1
  Lower limb fracture                         1       (0.00)     1              0                   
  Muscle strain                               1       (0.00)     1              1       (0.00)     1
  Procedural pain                             1       (0.00)     1              0                   
  Radius fracture                             1       (0.00)     1              0                   
  Rib fracture                                0                                 1       (0.00)     1
  Skin abrasion                               1       (0.00)     1              0                   
                                                                                                    
                                                                                                    
                                                                                                    
                                                                                                    
                                                                                                    
                                                                                                    
                                                                                                    
                                                                                                    
————————————————————————————————————————————————————————————————————————————————————————————————————





————————————————————————————————————————————————————————————————————————————————————————————————————
                                                     I287                              IGlar        
some name                                      N        (%)      E               N        (%)      E
————————————————————————————————————————————————————————————————————————————————————————————————————
                                                                                                    
                                                                                                    
Vascular disorders                                                                                  
  Hypertension                                0                                 4       (0.01)     4
  Angiopathy                                  1       (0.00)     1              0                   
  Aortic arteriosclerosis                     0                                 1       (0.00)     1
  Aortic disorder                             0                                 1       (0.00)     1
  Aortic stenosis                             0                                 1       (0.00)     1
  Haematoma                                   0                                 1       (0.00)     1
  Hypertensive angiopathy                     1       (0.00)     1              0                   
  Hypotension                                 1       (0.00)     1              0                   
                                                                                                    
                                                                                                    
Blood and lymphatic system                                                                          
 disorders                                                                                          
  Anaemia                                     2       (0.01)     2              1       (0.00)     1
  Leukocytosis                                0                                 1       (0.00)     1
                                                                                                    
                                                                                                    
Ear and labyrinth disorders                                                                         
  Vertigo                                     2       (0.01)     2              1       (0.00)     1
  Ear discomfort                              0                                 1       (0.00)     1
  Ear pain                                    1       (0.00)     1              0                   
  Eustachian tube dysfunction                 0                                 1       (0.00)     1
                                                                                                    
                                                                                                    
General disorders and                                                                               
 administration site conditions                                                                     
  Fatigue                                     2       (0.01)     2              0                   
  Injection site reaction                     1       (0.00)     1              2       (0.01)     4
  Pyrexia                                     2       (0.01)     2              1       (0.00)     1
  Chest pain                                  1       (0.00)     1              1       (0.00)     1
  Chills                                      1       (0.00)     1              0                   
  Facial pain                                 1       (0.00)     3              0                   
  Gait disturbance                            1       (0.00)     1              0                   
  Inflammation                                0                                 1       (0.00)     1
  Injection site bruising                     1       (0.00)     1              0                   
  Injection site erythema                     0                                 1       (0.00)    20
  Injection site haematoma                    1       (0.00)     2              0                   
  Injection site haemorrhage                  1       (0.00)     1              0                   
  Injection site pain                         1       (0.00)     1              1       (0.00)     1
  Medical device site discomfort              0                                 1       (0.00)     2
                                                                                                    
                                                                                                    
Investigations                                                                                      
  Insulin C-peptide decreased                 0                                 2       (0.01)     2
  Blood pressure increased                    0                                 1       (0.00)     1
  Body temperature increased                  0                                 1       (0.00)     1
  Coagulation time shortened                  1       (0.00)     3              0                   
  Heart rate increased                        0                                 1       (0.00)     3
  Platelet count decreased                    0                                 1       (0.00)     1
  Weight increased                            1       (0.00)     1              1       (0.00)     1
                                                                                                    
                                                                                                    
Metabolism and nutrition                                                                            
 disorders                                                                                          
  Dyslipidaemia                               2       (0.01)     2              2       (0.01)     2
  Decreased appetite                          0                                 1       (0.00)     1
  Hypomagnesaemia                             0                                 1       (0.00)     1
                                                                                                    
                                                                                                    
Skin and subcutaneous tissue                                                                        
 disorders                                                                                          
  Erythema                                    2       (0.01)     2              1       (0.00)     1
  Rash                                        2       (0.01)     2              0                   
  Dermatitis contact                          1       (0.00)     1              0                   
  Eczema                                      1       (0.00)     1              0                   
  Hyperkeratosis                              1       (0.00)     1              0                   
  Miliaria                                    0                                 1       (0.00)     1
  Night sweats                                0                                 1       (0.00)     1
  Petechiae                                   0                                 1       (0.00)     1
  Skin hypertrophy                            1       (0.00)     1              0                   
                                                                                                    
————————————————————————————————————————————————————————————————————————————————————————————————————





————————————————————————————————————————————————————————————————————————————————————————————————————
                                                     I287                              IGlar        
some name                                      N        (%)      E               N        (%)      E
————————————————————————————————————————————————————————————————————————————————————————————————————
                                                                                                    
Cardiac disorders                                                                                   
  Coronary artery disease                     1       (0.00)     1              0                   
  Dilatation atrial                           0                                 1       (0.00)     1
  Supraventricular tachycardia                1       (0.00)     1              0                   
  Tachycardia                                 0                                 1       (0.00)     1
                                                                                                    
                                                                                                    
Congenital, familial and genetic                                                                    
 disorders                                                                                          
  Thyroglossal cyst                           1       (0.00)     1              0                   
                                                                                                    
                                                                                                    
Hepatobiliary disorders                                                                             
  Biliary colic                               0                                 1       (0.00)     1
  Hepatosplenomegaly                          0                                 1       (0.00)     1
  Hypertransaminasaemia                       0                                 1       (0.00)     1
                                                                                                    
                                                                                                    
Immune system disorders                                                                             
  Dust allergy                                0                                 1       (0.00)     1
  Seasonal allergy                            1       (0.00)     1              0                   
                                                                                                    
                                                                                                    
Neoplasms benign, malignant and                                                                     
 unspecified (incl cysts and                                                                        
 polyps)                                                                                            
  Colon adenoma                               1       (0.00)     2              0                   
  Lipoma                                      1       (0.00)     1              0                   
  Melanocytic naevus                          0                                 1       (0.00)     1
                                                                                                    
                                                                                                    
Product issues                                                                                      
  Device battery issue                        1       (0.00)     1              0                   
                                                                                                    
                                                                                                    
Psychiatric disorders                                                                               
  Anxiety                                     1       (0.00)     1              1       (0.00)     1
  Depression                                  0                                 1       (0.00)     1
  Nervousness                                 0                                 1       (0.00)     1
  Sleep disorder                              1       (0.00)     1              0                   
                                                                                                    
                                                                                                    
Renal and urinary disorders                                                                         
  Acute kidney injury                         0                                 1       (0.00)     1
  Azotaemia                                   0                                 1       (0.00)     1
  Hydronephrosis                              0                                 1       (0.00)     1
                                                                                                    
                                                                                                    
Reproductive system and breast                                                                      
 disorders                                                                                          
  Benign prostatic hyperplasia                1       (0.00)     1              0                   
  Cervical dysplasia                          1       (0.00)     1              0                   
  Erectile dysfunction                        1       (0.00)     1              0                   
  Metrorrhagia                                1       (0.00)     1              0                   
————————————————————————————————————————————————————————————————————————————————————————————————————



