

————————————————————————————————————————————————————————————————————————————————————————————————————
                                                           I287                         IGlar      
Adverse event                                        N    ( % )     E              N    ( % )     E
————————————————————————————————————————————————————————————————————————————————————————————————————
Abdominal discomfort                                                               1    (0.0)     1
Abdominal pain                                                                     3    (0.0)     3
Abdominal pain upper                                 1    (0.0)     4                              
Acute kidney injury                                                                1    (0.0)     1
Acute sinusitis                                                                    1    (0.0)     1
Age-related macular degeneration                                                   1    (0.0)     1
Amblyopia                                                                          1    (0.0)     1
Anaemia                                              2    (0.0)     2              1    (0.0)     1
Angiopathy                                           1    (0.0)     1                              
Anxiety                                              1    (0.0)     1              1    (0.0)     1
Aortic arteriosclerosis                                                            1    (0.0)     1
Aortic disorder                                                                    1    (0.0)     1
Aortic stenosis                                                                    1    (0.0)     1
Aphthous ulcer                                       1    (0.0)     1                              
Arthralgia                                           1    (0.0)     1              5    (0.0)     7
Azotaemia                                                                          1    (0.0)     1
Back injury                                                                        1    (0.0)     1
Back pain                                            3    (0.0)     4              3    (0.0)     3
Benign prostatic hyperplasia                         1    (0.0)     1                              
Biliary colic                                                                      1    (0.0)     1
Blood pressure increased                                                           1    (0.0)     1
Body temperature increased                                                         1    (0.0)     1
Bone contusion                                       1    (0.0)     1                              
Bronchitis                                           2    (0.0)     2              3    (0.0)     3
Bursitis                                             1    (0.0)     1                              
Cataract                                                                           6    (0.0)     6
Cataract nuclear                                                                   1    (0.0)     1
Cellulitis                                                                         1    (0.0)     1
Cerebrovascular disorder                             1    (0.0)     1                              
Cervical dysplasia                                   1    (0.0)     1                              
Chest pain                                           1    (0.0)     1              1    (0.0)     1
Chills                                               1    (0.0)     1                              
Chronic gastritis                                    1    (0.0)     1                              
Coagulation time shortened                           1    (0.0)     3                              
Colon adenoma                                        1    (0.0)     2                              
Concussion                                                                         1    (0.0)     1
Constipation                                         1    (0.0)     1              2    (0.0)     2
Contusion                                                                          1    (0.0)     1
Coronary artery disease                              1    (0.0)     1                              
Cough                                                5    (0.0)     6              2    (0.0)     3
Cystitis                                                                           3    (0.0)     3
Decreased appetite                                                                 1    (0.0)     1
Depression                                                                         1    (0.0)     1
Dermatitis contact                                   1    (0.0)     1                              
Device battery issue                                 1    (0.0)     1                              
Device dispensing error                              3    (0.0)     3              4    (0.0)     4
Diabetic retinal oedema                              1    (0.0)     1                              
Diabetic retinopathy                                 2    (0.0)     2              4    (0.0)     4
Diarrhoea                                            4    (0.0)     4              4    (0.0)     4
Dilatation atrial                                                                  1    (0.0)     1
Dizziness                                            1    (0.0)     1              2    (0.0)     2
Dry age-related macular degeneration                                               1    (0.0)     1
Dust allergy                                                                       1    (0.0)     1
Dyslipidaemia                                        2    (0.0)     2              2    (0.0)     2
Dyspepsia                                            1    (0.0)     1              1    (0.0)     2
Ear discomfort                                                                     1    (0.0)     1
Ear infection                                                                      1    (0.0)     1
Ear pain                                             1    (0.0)     1                              
Eczema                                               1    (0.0)     1                              
Emphysematous pyelonephritis                                                       1    (0.0)     1
Enteritis                                            1    (0.0)     1                              
Erectile dysfunction                                 1    (0.0)     1                              
Erythema                                             2    (0.0)     2              1    (0.0)     1
Eustachian tube dysfunction                                                        1    (0.0)     1
Facial pain                                          1    (0.0)     3                              
Fall                                                                               2    (0.0)     2
Fatigue                                              2    (0.0)     2                              
Fungal infection                                                                   1    (0.0)     1
Gait disturbance                                     1    (0.0)     1                              
Gastritis                                                                          1    (0.0)     1
Gastroenteritis                                      7    (0.0)     7              1    (0.0)     1
Gastroenteritis viral                                                              1    (0.0)     1
Glaucoma                                             1    (0.0)     1                              
————————————————————————————————————————————————————————————————————————————————————————————————————





————————————————————————————————————————————————————————————————————————————————————————————————————
                                                           I287                         IGlar      
Adverse event                                        N    ( % )     E              N    ( % )     E
————————————————————————————————————————————————————————————————————————————————————————————————————
Haematoma                                                                          1    (0.0)     1
Headache                                            12    (0.0)    24              7    (0.0)    12
Heart rate increased                                                               1    (0.0)     3
Helicobacter infection                                                             1    (0.0)     1
Hepatosplenomegaly                                                                 1    (0.0)     1
Herpes simplex                                       1    (0.0)     2              1    (0.0)     1
Hydronephrosis                                                                     1    (0.0)     1
Hyperkeratosis                                       1    (0.0)     1                              
Hypertension                                                                       4    (0.0)     4
Hypertensive angiopathy                              1    (0.0)     1                              
Hypertransaminasaemia                                                              1    (0.0)     1
Hypoaesthesia                                                                      1    (0.0)     1
Hypomagnesaemia                                                                    1    (0.0)     1
Hypotension                                          1    (0.0)     1                              
Inflammation                                                                       1    (0.0)     1
Influenza                                                                          3    (0.0)     4
Injection site bruising                              1    (0.0)     1                              
Injection site erythema                                                            1    (0.0)    20
Injection site haematoma                             1    (0.0)     2                              
Injection site haemorrhage                           1    (0.0)     1                              
Injection site pain                                  1    (0.0)     1              1    (0.0)     1
Injection site reaction                              1    (0.0)     1              2    (0.0)     4
Insulin C-peptide decreased                                                        2    (0.0)     2
Intervertebral disc degeneration                     1    (0.0)     1                              
Intervertebral disc protrusion                       1    (0.0)     1                              
Joint injury                                                                       1    (0.0)     1
Labyrinthitis                                                                      1    (0.0)     1
Laryngitis                                           1    (0.0)     1              1    (0.0)     1
Leukocytosis                                                                       1    (0.0)     1
Limb injury                                                                        1    (0.0)     1
Lipoma                                               1    (0.0)     1                              
Lower limb fracture                                  1    (0.0)     1                              
Macular degeneration                                                               1    (0.0)     1
Mastoiditis                                          1    (0.0)     1                              
Medical device site discomfort                                                     1    (0.0)     2
Melaena                                                                            1    (0.0)     1
Melanocytic naevus                                                                 1    (0.0)     1
Metrorrhagia                                         1    (0.0)     1                              
Miliaria                                                                           1    (0.0)     1
Muscle spasms                                        1    (0.0)     1              1    (0.0)     1
Muscle strain                                        1    (0.0)     1              1    (0.0)     1
Muscular weakness                                                                  1    (0.0)     1
Musculoskeletal pain                                                               1    (0.0)     1
Myalgia                                              1    (0.0)     1              1    (0.0)     1
Nasal congestion                                                                   1    (0.0)     1
Nasopharyngitis                                     10    (0.0)    13             10    (0.0)    11
Nausea                                               2    (0.0)     2              3    (0.0)     3
Nervousness                                                                        1    (0.0)     1
Neuralgia                                                                          1    (0.0)     1
Night sweats                                                                       1    (0.0)     1
Onychomycosis                                        1    (0.0)     1                              
Oral herpes                                          1    (0.0)     1                              
Oropharyngeal pain                                   1    (0.0)     1              1    (0.0)     1
Osteoarthritis                                                                     2    (0.0)     3
Pain in extremity                                    4    (0.0)     4              1    (0.0)     1
Paronychia                                           2    (0.0)     2                              
Peptic ulcer                                         1    (0.0)     1                              
Petechiae                                                                          1    (0.0)     1
Pharyngitis                                          3    (0.0)     3              1    (0.0)     3
Pharyngitis streptococcal                            1    (0.0)     1                              
Plantar fasciitis                                                                  1    (0.0)     1
Platelet count decreased                                                           1    (0.0)     1
Pneumonia                                            1    (0.0)     1                              
Presbyopia                                                                         1    (0.0)     1
Procedural pain                                      1    (0.0)     1                              
Pyrexia                                              2    (0.0)     2              1    (0.0)     1
Radius fracture                                      1    (0.0)     1                              
Rash                                                 2    (0.0)     2                              
Respiratory tract infection                          1    (0.0)     1                              
Respiratory tract infection viral                                                  1    (0.0)     1
Rhinitis                                             3    (0.0)     4              2    (0.0)     2
Rhinitis allergic                                    1    (0.0)     1                              
Rhinorrhoea                                          2    (0.0)     2                              
————————————————————————————————————————————————————————————————————————————————————————————————————





————————————————————————————————————————————————————————————————————————————————————————————————————
                                                           I287                         IGlar      
Adverse event                                        N    ( % )     E              N    ( % )     E
————————————————————————————————————————————————————————————————————————————————————————————————————
Rib fracture                                                                       1    (0.0)     1
Seasonal allergy                                     1    (0.0)     1                              
Sinusitis                                            2    (0.0)     3              1    (0.0)     1
Skin abrasion                                        1    (0.0)     1                              
Skin hypertrophy                                     1    (0.0)     1                              
Skin infection                                       1    (0.0)     1                              
Sleep disorder                                       1    (0.0)     1                              
Spinal osteoarthritis                                                              1    (0.0)     1
Spinal pain                                                                        1    (0.0)     1
Supraventricular tachycardia                         1    (0.0)     1                              
Tachycardia                                                                        1    (0.0)     1
Thyroglossal cyst                                    1    (0.0)     1                              
Tinea pedis                                          1    (0.0)     1                              
Tooth infection                                                                    1    (0.0)     1
Toothache                                            1    (0.0)     1              1    (0.0)     1
Tracheitis                                                                         1    (0.0)     1
Upper respiratory tract infection                    7    (0.0)     9              6    (0.0)     6
Urinary tract infection                                                            1    (0.0)     1
Vertebral osteophyte                                 1    (0.0)     1                              
Vertigo                                              2    (0.0)     2              1    (0.0)     1
Viral infection                                      1    (0.0)     1              1    (0.0)     1
Viral upper respiratory tract infection              1    (0.0)     1                              
Vomiting                                             2    (0.0)     2              3    (0.0)     3
Weight increased                                     1    (0.0)     1              1    (0.0)     1
————————————————————————————————————————————————————————————————————————————————————————————————————



