

————————————————————————————————————————————————————————————————————————————————————————————————————
                                                     I287              IGlar              Total   
                                                  N   P    E         N   P    E         N   P    E
————————————————————————————————————————————————————————————————————————————————————————————————————
                                                                                                  
                                                                                                  
Infections and infestations
  Nasopharyngitis                                10  3.7  13        10  3.7  11        20  7.4  24
  Upper respiratory tract infection               7  2.6   9         6  2.2   6        13  4.8  15
  Gastroenteritis                                 7  2.6   7         1  0.4   1         8  3.0   8
  Bronchitis                                      2  0.7   2         3  1.1   3         5  1.8   5
  Rhinitis                                        3  1.1   4         2  0.7   2         5  1.8   6
  Pharyngitis                                     3  1.1   3         1  0.4   3         4  1.5   6
  Cystitis                                        0                  3  1.1   3         3  1.1   3
  Influenza                                       0                  3  1.1   4         3  1.1   4
  Sinusitis                                       2  0.7   3         1  0.4   1         3  1.1   4
  Herpes simplex                                  1  0.4   2         1  0.4   1         2  0.7   3
  Laryngitis                                      1  0.4   1         1  0.4   1         2  0.7   2
  Paronychia                                      2  0.7   2         0                  2  0.7   2
  Viral infection                                 1  0.4   1         1  0.4   1         2  0.7   2
  Acute sinusitis                                 0                  1  0.4   1         1  0.4   1
  Cellulitis                                      0                  1  0.4   1         1  0.4   1
  Ear infection                                   0                  1  0.4   1         1  0.4   1
  Emphysematous pyelonephritis                    0                  1  0.4   1         1  0.4   1
  Fungal infection                                0                  1  0.4   1         1  0.4   1
  Gastroenteritis viral                           0                  1  0.4   1         1  0.4   1
  Helicobacter infection                          0                  1  0.4   1         1  0.4   1
  Labyrinthitis                                   0                  1  0.4   1         1  0.4   1
  Mastoiditis                                     1  0.4   1         0                  1  0.4   1
  Onychomycosis                                   1  0.4   1         0                  1  0.4   1
  Oral herpes                                     1  0.4   1         0                  1  0.4   1
  Pharyngitis streptococcal                       1  0.4   1         0                  1  0.4   1
  Pneumonia                                       1  0.4   1         0                  1  0.4   1
  Respiratory tract infection                     1  0.4   1         0                  1  0.4   1
  Respiratory tract infection viral               0                  1  0.4   1         1  0.4   1
  Skin infection                                  1  0.4   1         0                  1  0.4   1
  Tinea pedis                                     1  0.4   1         0                  1  0.4   1
  Tooth infection                                 0                  1  0.4   1         1  0.4   1
  Tracheitis                                      0                  1  0.4   1         1  0.4   1
  Urinary tract infection                         0                  1  0.4   1         1  0.4   1
  Viral upper respiratory tract infection         1  0.4   1         0                  1  0.4   1
                                                                                                  
                                                                                                  
Nervous system disorders
  Headache                                       12  4.4  24         7  2.6  12        19  7.0  36
  Dizziness                                       1  0.4   1         2  0.7   2         3  1.1   3
  Cerebrovascular disorder                        1  0.4   1         0                  1  0.4   1
  Hypoaesthesia                                   0                  1  0.4   1         1  0.4   1
  Neuralgia                                       0                  1  0.4   1         1  0.4   1
                                                                                                  
                                                                                                  
Gastrointestinal disorders
  Diarrhoea                                       4  1.5   4         4  1.5   4         8  3.0   8
  Nausea                                          2  0.7   2         3  1.1   3         5  1.8   5
  Vomiting                                        2  0.7   2         3  1.1   3         5  1.8   5
  Abdominal pain                                  0                  3  1.1   3         3  1.1   3
  Constipation                                    1  0.4   1         2  0.7   2         3  1.1   3
  Dyspepsia                                       1  0.4   1         1  0.4   2         2  0.7   3
  Toothache                                       1  0.4   1         1  0.4   1         2  0.7   2
  Abdominal discomfort                            0                  1  0.4   1         1  0.4   1
  Abdominal pain upper                            1  0.4   4         0                  1  0.4   4
  Aphthous ulcer                                  1  0.4   1         0                  1  0.4   1
  Chronic gastritis                               1  0.4   1         0                  1  0.4   1
  Enteritis                                       1  0.4   1         0                  1  0.4   1
  Gastritis                                       0                  1  0.4   1         1  0.4   1
  Melaena                                         0                  1  0.4   1         1  0.4   1
  Peptic ulcer                                    1  0.4   1         0                  1  0.4   1
                                                                                                  
                                                                                                  
                                                                                                  
                                                                                                  
                                                                                                  
                                                                                                  
                                                                                                  
                                                                                                  
                                                                                                  
                                                                                                  
————————————————————————————————————————————————————————————————————————————————————————————————————





————————————————————————————————————————————————————————————————————————————————————————————————————
                                                     I287              IGlar              Total   
                                                  N   P    E         N   P    E         N   P    E
————————————————————————————————————————————————————————————————————————————————————————————————————
                                                                                                  
                                                                                                  
Injury, poisoning and procedural complications
  Device dispensing error                         3  1.1   3         4  1.5   4         7  2.6   7
  Fall                                            0                  2  0.7   2         2  0.7   2
  Muscle strain                                   1  0.4   1         1  0.4   1         2  0.7   2
  Back injury                                     0                  1  0.4   1         1  0.4   1
  Bone contusion                                  1  0.4   1         0                  1  0.4   1
  Concussion                                      0                  1  0.4   1         1  0.4   1
  Contusion                                       0                  1  0.4   1         1  0.4   1
  Joint injury                                    0                  1  0.4   1         1  0.4   1
  Limb injury                                     0                  1  0.4   1         1  0.4   1
  Lower limb fracture                             1  0.4   1         0                  1  0.4   1
  Procedural pain                                 1  0.4   1         0                  1  0.4   1
  Radius fracture                                 1  0.4   1         0                  1  0.4   1
  Rib fracture                                    0                  1  0.4   1         1  0.4   1
  Skin abrasion                                   1  0.4   1         0                  1  0.4   1
                                                                                                  
                                                                                                  
Respiratory, thoracic and mediastinal disorders
  Cough                                           5  1.8   6         2  0.7   3         7  2.6   9
  Oropharyngeal pain                              1  0.4   1         1  0.4   1         2  0.7   2
  Rhinorrhoea                                     2  0.7   2         0                  2  0.7   2
  Nasal congestion                                0                  1  0.4   1         1  0.4   1
  Rhinitis allergic                               1  0.4   1         0                  1  0.4   1
                                                                                                  
                                                                                                  
Eye disorders
  Cataract                                        0                  6  2.2   6         6  2.2   6
  Diabetic retinopathy                            2  0.7   2         4  1.5   4         6  2.2   6
  Age-related macular degeneration                0                  1  0.4   1         1  0.4   1
  Amblyopia                                       0                  1  0.4   1         1  0.4   1
  Cataract nuclear                                0                  1  0.4   1         1  0.4   1
  Diabetic retinal oedema                         1  0.4   1         0                  1  0.4   1
  Dry age-related macular degeneration            0                  1  0.4   1         1  0.4   1
  Glaucoma                                        1  0.4   1         0                  1  0.4   1
  Macular degeneration                            0                  1  0.4   1         1  0.4   1
  Presbyopia                                      0                  1  0.4   1         1  0.4   1
                                                                                                  
                                                                                                  
Musculoskeletal and connective tissue disorders
  Arthralgia                                      1  0.4   1         5  1.8   7         6  2.2   8
  Back pain                                       3  1.1   4         3  1.1   3         6  2.2   7
  Pain in extremity                               4  1.5   4         1  0.4   1         5  1.8   5
  Muscle spasms                                   1  0.4   1         1  0.4   1         2  0.7   2
  Myalgia                                         1  0.4   1         1  0.4   1         2  0.7   2
  Osteoarthritis                                  0                  2  0.7   3         2  0.7   3
  Bursitis                                        1  0.4   1         0                  1  0.4   1
  Intervertebral disc degeneration                1  0.4   1         0                  1  0.4   1
  Intervertebral disc protrusion                  1  0.4   1         0                  1  0.4   1
  Muscular weakness                               0                  1  0.4   1         1  0.4   1
  Musculoskeletal pain                            0                  1  0.4   1         1  0.4   1
  Plantar fasciitis                               0                  1  0.4   1         1  0.4   1
  Spinal osteoarthritis                           0                  1  0.4   1         1  0.4   1
  Spinal pain                                     0                  1  0.4   1         1  0.4   1
  Vertebral osteophyte                            1  0.4   1         0                  1  0.4   1
                                                                                                  
                                                                                                  
Metabolism and nutrition disorders
  Dyslipidaemia                                   2  0.7   2         2  0.7   2         4  1.5   4
  Decreased appetite                              0                  1  0.4   1         1  0.4   1
  Hypomagnesaemia                                 0                  1  0.4   1         1  0.4   1
                                                                                                  
                                                                                                  
Vascular disorders
  Hypertension                                    0                  4  1.5   4         4  1.5   4
  Angiopathy                                      1  0.4   1         0                  1  0.4   1
  Aortic arteriosclerosis                         0                  1  0.4   1         1  0.4   1
  Aortic disorder                                 0                  1  0.4   1         1  0.4   1
  Aortic stenosis                                 0                  1  0.4   1         1  0.4   1
  Haematoma                                       0                  1  0.4   1         1  0.4   1
  Hypertensive angiopathy                         1  0.4   1         0                  1  0.4   1
  Hypotension                                     1  0.4   1         0                  1  0.4   1
————————————————————————————————————————————————————————————————————————————————————————————————————





————————————————————————————————————————————————————————————————————————————————————————————————————
                                                     I287              IGlar              Total   
                                                  N   P    E         N   P    E         N   P    E
————————————————————————————————————————————————————————————————————————————————————————————————————
                                                                                                  
                                                                                                  
Blood and lymphatic system disorders
  Anaemia                                         2  0.7   2         1  0.4   1         3  1.1   3
  Leukocytosis                                    0                  1  0.4   1         1  0.4   1
                                                                                                  
                                                                                                  
Ear and labyrinth disorders
  Vertigo                                         2  0.7   2         1  0.4   1         3  1.1   3
  Ear discomfort                                  0                  1  0.4   1         1  0.4   1
  Ear pain                                        1  0.4   1         0                  1  0.4   1
  Eustachian tube dysfunction                     0                  1  0.4   1         1  0.4   1
                                                                                                  
                                                                                                  
General disorders and administration site conditions
  Injection site reaction                         1  0.4   1         2  0.7   4         3  1.1   5
  Pyrexia                                         2  0.7   2         1  0.4   1         3  1.1   3
  Chest pain                                      1  0.4   1         1  0.4   1         2  0.7   2
  Fatigue                                         2  0.7   2         0                  2  0.7   2
  Injection site pain                             1  0.4   1         1  0.4   1         2  0.7   2
  Chills                                          1  0.4   1         0                  1  0.4   1
  Facial pain                                     1  0.4   3         0                  1  0.4   3
  Gait disturbance                                1  0.4   1         0                  1  0.4   1
  Inflammation                                    0                  1  0.4   1         1  0.4   1
  Injection site bruising                         1  0.4   1         0                  1  0.4   1
  Injection site erythema                         0                  1  0.4  20         1  0.4  20
  Injection site haematoma                        1  0.4   2         0                  1  0.4   2
  Injection site haemorrhage                      1  0.4   1         0                  1  0.4   1
  Medical device site discomfort                  0                  1  0.4   2         1  0.4   2
                                                                                                  
                                                                                                  
Skin and subcutaneous tissue disorders
  Erythema                                        2  0.7   2         1  0.4   1         3  1.1   3
  Rash                                            2  0.7   2         0                  2  0.7   2
  Dermatitis contact                              1  0.4   1         0                  1  0.4   1
  Eczema                                          1  0.4   1         0                  1  0.4   1
  Hyperkeratosis                                  1  0.4   1         0                  1  0.4   1
  Miliaria                                        0                  1  0.4   1         1  0.4   1
  Night sweats                                    0                  1  0.4   1         1  0.4   1
  Petechiae                                       0                  1  0.4   1         1  0.4   1
  Skin hypertrophy                                1  0.4   1         0                  1  0.4   1
                                                                                                  
                                                                                                  
Investigations
  Insulin C-peptide decreased                     0                  2  0.7   2         2  0.7   2
  Weight increased                                1  0.4   1         1  0.4   1         2  0.7   2
  Blood pressure increased                        0                  1  0.4   1         1  0.4   1
  Body temperature increased                      0                  1  0.4   1         1  0.4   1
  Coagulation time shortened                      1  0.4   3         0                  1  0.4   3
  Heart rate increased                            0                  1  0.4   3         1  0.4   3
  Platelet count decreased                        0                  1  0.4   1         1  0.4   1
                                                                                                  
                                                                                                  
Psychiatric disorders
  Anxiety                                         1  0.4   1         1  0.4   1         2  0.7   2
  Depression                                      0                  1  0.4   1         1  0.4   1
  Nervousness                                     0                  1  0.4   1         1  0.4   1
  Sleep disorder                                  1  0.4   1         0                  1  0.4   1
                                                                                                  
                                                                                                  
Cardiac disorders
  Coronary artery disease                         1  0.4   1         0                  1  0.4   1
  Dilatation atrial                               0                  1  0.4   1         1  0.4   1
  Supraventricular tachycardia                    1  0.4   1         0                  1  0.4   1
  Tachycardia                                     0                  1  0.4   1         1  0.4   1
                                                                                                  
                                                                                                  
Congenital, familial and genetic disorders
  Thyroglossal cyst                               1  0.4   1         0                  1  0.4   1
                                                                                                  
                                                                                                  
                                                                                                  
                                                                                                  
————————————————————————————————————————————————————————————————————————————————————————————————————





————————————————————————————————————————————————————————————————————————————————————————————————————
                                                     I287              IGlar              Total   
                                                  N   P    E         N   P    E         N   P    E
————————————————————————————————————————————————————————————————————————————————————————————————————
                                                                                                  
                                                                                                  
Hepatobiliary disorders
  Biliary colic                                   0                  1  0.4   1         1  0.4   1
  Hepatosplenomegaly                              0                  1  0.4   1         1  0.4   1
  Hypertransaminasaemia                           0                  1  0.4   1         1  0.4   1
                                                                                                  
                                                                                                  
Immune system disorders
  Dust allergy                                    0                  1  0.4   1         1  0.4   1
  Seasonal allergy                                1  0.4   1         0                  1  0.4   1
                                                                                                  
                                                                                                  
Neoplasms benign, malignant and unspecified (incl cysts and polyps)
  Colon adenoma                                   1  0.4   2         0                  1  0.4   2
  Lipoma                                          1  0.4   1         0                  1  0.4   1
  Melanocytic naevus                              0                  1  0.4   1         1  0.4   1
                                                                                                  
                                                                                                  
Product issues
  Device battery issue                            1  0.4   1         0                  1  0.4   1
                                                                                                  
                                                                                                  
Renal and urinary disorders
  Acute kidney injury                             0                  1  0.4   1         1  0.4   1
  Azotaemia                                       0                  1  0.4   1         1  0.4   1
  Hydronephrosis                                  0                  1  0.4   1         1  0.4   1
                                                                                                  
                                                                                                  
Reproductive system and breast disorders
  Benign prostatic hyperplasia                    1  0.4   1         0                  1  0.4   1
  Cervical dysplasia                              1  0.4   1         0                  1  0.4   1
  Erectile dysfunction                            1  0.4   1         0                  1  0.4   1
  Metrorrhagia                                    1  0.4   1         0                  1  0.4   1
————————————————————————————————————————————————————————————————————————————————————————————————————



