

————————————————————————————————————————————————————————————————————————————————————————————————————
                                       I287                     IGlar                     Total     
————————————————————————————————————————————————————————————————————————————————————————————————————
                                                                                                    
Number of subjects               130                       117                       247            
Total exposure (years)            63.68                     56.45                    120.13         
                                                                                                    
                                                                                                    
Anti-insulin 287 antibody level (% B/T)
  N                               69                        57                       126            
  Mean (SD)                        2.30 ( 1.82)              3.28 ( 9.83)              2.75 ( 6.81) 
  Min ; Max                        1.10 ;  14.19             1.10 ;  92.49             1.10 ;  92.49
                                                                                                    
                                                                                                    
Anti-insulin 287 antibody titre (no unit)
  N                               69                        57                       126            
  Mean (SD)                       33.42 (80.16)             37.54 (88.95)             35.32 (84.30) 
  Min ; Max                        0.00 ; 336.00             0.00 ; 336.00             0.00 ; 336.00
————————————————————————————————————————————————————————————————————————————————————————————————————



