

————————————————————————————————————————————————————————————————————————————————————————————————————
PARAM                                          TRTP        N          Mean (SD)           Min ; Max 
————————————————————————————————————————————————————————————————————————————————————————————————————
Anti-insulin 287 antibody level (% B/T)        I287        69       2.302 ( 1.821)      1.1 ;  14.19
Anti-insulin 287 antibody titre (no unit)      I287        69      33.424 (80.157)      0.0 ; 336.00
Anti-insulin 287 antibody level (% B/T)        IGlar       57       3.285 ( 9.829)      1.1 ;  92.49
Anti-insulin 287 antibody titre (no unit)      IGlar       57      37.535 (88.954)      0.0 ; 336.00
Anti-insulin 287 antibody level (% B/T)        Total      126       2.755 ( 6.814)      1.1 ;  92.49
Anti-insulin 287 antibody titre (no unit)      Total      126      35.316 (84.298)      0.0 ; 336.00
————————————————————————————————————————————————————————————————————————————————————————————————————



