I need a title

————————————————————————————————————————————————————————————————————————————————————————————————————
                            18<= to <65 years                            65<= years              
                        I287                IGlar                 I287                IGlar      
————————————————————————————————————————————————————————————————————————————————————————————————————
                                                                                                 
                                                                                                 
Age
                                                                                                 
  Canada
    N             12.000               13.000                4.000                5.000          
    Mean (SD)     53.000 ( 9.872)      53.692 ( 8.440)      68.000 ( 2.944)      69.200 ( 2.490) 
    Min ; Max     33.000 ;  64.000     34.000 ;  64.000     65.000 ;  72.000     66.000 ;  71.000
                                                                                                 
  Czech Republic
    N             14.000                9.000               11.000                9.000          
    Mean (SD)     52.571 ( 6.969)      55.333 (10.235)      68.455 ( 2.659)      67.667 ( 2.739) 
    Min ; Max     42.000 ;  64.000     40.000 ;  64.000     65.000 ;  73.000     65.000 ;  72.000
                                                                                                 
  Greece
    N             18.000                9.000                8.000                1.000          
    Mean (SD)     55.667 ( 7.219)      56.000 ( 6.185)      70.000 ( 3.546)      71.000 (NaN   ) 
    Min ; Max     40.000 ;  62.000     46.000 ;  64.000     65.000 ;  74.000     71.000 ;  71.000
                                                                                                 
  Poland
    N              7.000               16.000               11.000                8.000          
    Mean (SD)     56.857 ( 3.132)      57.438 ( 6.491)      68.909 ( 2.844)      69.750 ( 4.496) 
    Min ; Max     52.000 ;  61.000     40.000 ;  64.000     65.000 ;  75.000     65.000 ;  75.000
                                                                                                 
  Slovakia
    N             17.000               16.000                3.000                2.000          
    Mean (SD)     56.176 ( 7.282)      56.250 ( 7.216)      65.667 ( 1.155)      67.500 ( 3.536) 
    Min ; Max     39.000 ;  64.000     43.000 ;  64.000     65.000 ;  67.000     65.000 ;  70.000
                                                                                                 
  Slovenia
    N              5.000                4.000                3.000                5.000          
    Mean (SD)     58.400 ( 3.362)      56.250 ( 3.862)      68.000 ( 2.646)      68.200 ( 1.095) 
    Min ; Max     55.000 ;  62.000     52.000 ;  60.000     65.000 ;  70.000     67.000 ;  70.000
                                                                                                 
  United States
    N             13.000               14.000                4.000                6.000          
    Mean (SD)     53.231 ( 6.942)      54.214 ( 7.516)      69.250 ( 2.062)      69.000 ( 2.530) 
    Min ; Max     41.000 ;  64.000     38.000 ;  63.000     67.000 ;  72.000     67.000 ;  74.000
                                                                                                 
                                                                                                 
                                                                                                 
                                                                                                 
                                                                                                 
                                                                                                 
                                                                                                 
                                                                                                 
                                                                                                 
                                                                                                 
                                                                                                 
                                                                                                 
                                                                                                 
                                                                                                 
                                                                                                 
                                                                                                 
                                                                                                 
                                                                                                 
                                                                                                 
                                                                                                 
                                                                                                 
                                                                                                 
                                                                                                 
                                                                                                 
                                                                                                 
                                                                                                 
                                                                                                 
                                                                                                 
                                                                                                 
                                                                                                 
                                                                                                 
                                                                                                 
————————————————————————————————————————————————————————————————————————————————————————————————————
And a small footnote

                                                                                                 hej

I need a title

————————————————————————————————————————————————————————————————————————————————————————————————————
                            18<= to <65 years                            65<= years              
                        I287                IGlar                 I287                IGlar      
————————————————————————————————————————————————————————————————————————————————————————————————————
                                                                                                 
                                                                                                 
Body Mass Index at Baseline
                                                                                                 
  Canada
    N             12.000               13.000                4.000                5.000          
    Mean (SD)     31.537 ( 4.595)      31.042 ( 6.681)      29.503 ( 2.193)      29.225 ( 5.318) 
    Min ; Max     25.779 ;  39.695     17.751 ;  37.994     26.747 ;  31.697     23.158 ;  37.799
                                                                                                 
  Czech Republic
    N             14.000                9.000               11.000                9.000          
    Mean (SD)     31.109 ( 4.847)      32.970 ( 4.165)      31.006 ( 3.828)      32.854 ( 4.133) 
    Min ; Max     24.022 ;  38.531     24.300 ;  39.284     23.384 ;  38.672     28.025 ;  39.136
                                                                                                 
  Greece
    N             18.000                9.000                8.000                1.000          
    Mean (SD)     30.335 ( 6.335)      30.407 ( 4.678)      28.723 ( 5.322)      27.785 (NaN   ) 
    Min ; Max     18.776 ;  38.732     23.939 ;  38.751     22.070 ;  36.033     27.785 ;  27.785
                                                                                                 
  Poland
    N              7.000               16.000               11.000                8.000          
    Mean (SD)     31.655 ( 5.547)      30.638 ( 5.021)      32.451 ( 4.348)      29.964 ( 5.004) 
    Min ; Max     24.093 ;  39.673     24.219 ;  39.628     24.845 ;  37.714     23.949 ;  40.396
                                                                                                 
  Slovakia
    N             17.000               16.000                3.000                2.000          
    Mean (SD)     31.215 ( 3.309)      32.391 ( 4.033)      34.368 ( 5.069)      31.504 ( 8.117) 
    Min ; Max     25.283 ;  37.289     26.776 ;  40.047     29.984 ;  39.919     25.764 ;  37.243
                                                                                                 
  Slovenia
    N              5.000                4.000                3.000                5.000          
    Mean (SD)     31.421 ( 2.474)      32.341 ( 3.971)      36.429 ( 3.107)      31.066 ( 4.616) 
    Min ; Max     28.616 ;  34.997     28.704 ;  37.128     33.150 ;  39.328     25.323 ;  37.923
                                                                                                 
  United States
    N             13.000               14.000                4.000                6.000          
    Mean (SD)     31.570 ( 4.397)      30.980 ( 4.096)      29.614 ( 2.800)      31.890 ( 4.601) 
    Min ; Max     24.598 ;  40.543     23.066 ;  37.589     25.621 ;  32.000     27.565 ;  40.185
                                                                                                 
                                                                                                 
                                                                                                 
                                                                                                 
                                                                                                 
                                                                                                 
                                                                                                 
                                                                                                 
                                                                                                 
                                                                                                 
                                                                                                 
                                                                                                 
                                                                                                 
                                                                                                 
                                                                                                 
                                                                                                 
                                                                                                 
                                                                                                 
                                                                                                 
                                                                                                 
                                                                                                 
                                                                                                 
                                                                                                 
                                                                                                 
                                                                                                 
                                                                                                 
                                                                                                 
                                                                                                 
                                                                                                 
                                                                                                 
                                                                                                 
                                                                                                 
————————————————————————————————————————————————————————————————————————————————————————————————————
And a small footnote

                                                                                                 hej

I need a title

————————————————————————————————————————————————————————————————————————————————————————————————————
                            18<= to <65 years                            65<= years              
                        I287                IGlar                 I287                IGlar      
————————————————————————————————————————————————————————————————————————————————————————————————————
                                                                                                 
                                                                                                 
Body Weight at Baseline
                                                                                                 
  Canada
    N             12.000               13.000                4.000                5.000          
    Mean (SD)     93.063 (24.154)      89.352 (23.167)      87.817 (16.090)      83.340 (10.156) 
    Min ; Max     59.600 ; 143.300     50.700 ; 123.740     76.566 ; 111.000     74.200 ;  99.200
                                                                                                 
  Czech Republic
    N             14.000                9.000               11.000                9.000          
    Mean (SD)     89.421 (14.469)     103.111 (14.277)      86.436 ( 9.857)      97.311 (17.395) 
    Min ; Max     69.000 ; 118.000     87.000 ; 133.000     66.000 ;  99.000     70.400 ; 126.800
                                                                                                 
  Greece
    N             18.000                9.000                8.000                1.000          
    Mean (SD)     89.461 (20.609)      87.244 (15.818)      75.963 (15.537)      82.200 (NaN   ) 
    Min ; Max     53.500 ; 124.100     70.000 ; 106.800     53.000 ;  98.100     82.200 ;  82.200
                                                                                                 
  Poland
    N              7.000               16.000               11.000                8.000          
    Mean (SD)     87.629 (17.157)      86.912 (15.056)      90.036 (14.640)      85.025 (15.952) 
    Min ; Max     68.000 ; 121.500     62.000 ; 105.100     64.400 ; 115.500     68.400 ; 120.900
                                                                                                 
  Slovakia
    N             17.000               16.000                3.000                2.000          
    Mean (SD)     94.076 (13.273)      95.181 ( 9.923)      96.667 (12.583)      90.350 (39.103) 
    Min ; Max     68.000 ; 112.000     76.000 ; 117.100     85.000 ; 110.000     62.700 ; 118.000
                                                                                                 
  Slovenia
    N              5.000                4.000                3.000                5.000          
    Mean (SD)     95.880 (12.823)      99.275 ( 8.289)      95.867 (16.919)      98.640 ( 5.889) 
    Min ; Max     82.700 ; 117.200     91.300 ; 107.300     77.600 ; 111.000     89.500 ; 104.500
                                                                                                 
  United States
    N             13.000               14.000                4.000                6.000          
    Mean (SD)     88.938 (13.250)      89.351 (16.473)      89.477 (19.790)      87.246 (12.650) 
    Min ; Max     68.946 ; 107.955     65.000 ; 119.800     67.200 ; 115.394     75.900 ; 106.957
                                                                                                 
                                                                                                 
                                                                                                 
                                                                                                 
                                                                                                 
                                                                                                 
                                                                                                 
                                                                                                 
                                                                                                 
                                                                                                 
                                                                                                 
                                                                                                 
                                                                                                 
                                                                                                 
                                                                                                 
                                                                                                 
                                                                                                 
                                                                                                 
                                                                                                 
                                                                                                 
                                                                                                 
                                                                                                 
                                                                                                 
                                                                                                 
                                                                                                 
                                                                                                 
                                                                                                 
                                                                                                 
                                                                                                 
                                                                                                 
                                                                                                 
                                                                                                 
————————————————————————————————————————————————————————————————————————————————————————————————————
And a small footnote

                                                                                                 hej

I need a title

————————————————————————————————————————————————————————————————————————————————————————————————————
                            18<= to <65 years                            65<= years              
                        I287                IGlar                 I287                IGlar      
————————————————————————————————————————————————————————————————————————————————————————————————————
                                                                                                 
                                                                                                 
FPG at Baseline (Conv.)
                                                                                                 
  Canada
    N             12.000               13.000                4.000                5.000          
    Mean (SD)    149.716 (27.953)     186.022 (40.241)     154.522 (17.922)     171.190 (22.180) 
    Min ; Max    104.516 ; 210.834    140.556 ; 291.924    133.348 ; 174.794    142.358 ; 201.824
                                                                                                 
  Czech Republic
    N             14.000                9.000               11.000                9.000          
    Mean (SD)    198.606 (42.279)     171.590 (39.354)     180.364 (38.051)     177.998 (34.081) 
    Min ; Max    145.962 ; 293.726    106.318 ; 241.468    115.328 ; 243.270    140.556 ; 255.884
                                                                                                 
  Greece
    N             18.000                9.000                8.000                1.000          
    Mean (SD)    164.406 (45.133)     179.800 (57.557)     180.651 (59.053)     135.150 (NaN   ) 
    Min ; Max     91.902 ; 246.874    120.734 ; 282.914    133.348 ; 281.112    135.150 ; 135.150
                                                                                                 
  Poland
    N              7.000               16.000               11.000                8.000          
    Mean (SD)    207.230 (37.210)     168.547 (24.575)     187.080 (27.774)     203.851 (53.024) 
    Min ; Max    149.566 ; 264.894    129.744 ; 210.834    151.368 ; 227.052    162.180 ; 313.548
                                                                                                 
  Slovakia
    N             17.000               16.000                3.000                2.000          
    Mean (SD)    196.736 (36.422)     198.941 (35.179)     220.445 (23.518)     163.081 (21.662) 
    Min ; Max    135.150 ; 268.498    129.744 ; 254.082    201.824 ; 246.874    147.764 ; 178.398
                                                                                                 
  Slovenia
    N              5.000                4.000                3.000                5.000          
    Mean (SD)    182.723 (26.958)     159.477 (13.525)     194.015 (28.052)     172.992 (26.515) 
    Min ; Max    144.160 ; 216.240    144.160 ; 174.794    167.586 ; 223.448    133.348 ; 198.220
                                                                                                 
  United States
    N             13.000               14.000                4.000                6.000          
    Mean (SD)    177.982 (40.302)     201.824 (72.539)     134.249 (16.218)     152.269 (19.500) 
    Min ; Max    138.754 ; 272.102    120.734 ; 392.836    111.724 ; 147.764    120.734 ; 169.388
                                                                                                 
                                                                                                 
                                                                                                 
                                                                                                 
                                                                                                 
                                                                                                 
                                                                                                 
                                                                                                 
                                                                                                 
                                                                                                 
                                                                                                 
                                                                                                 
                                                                                                 
                                                                                                 
                                                                                                 
                                                                                                 
                                                                                                 
                                                                                                 
                                                                                                 
                                                                                                 
                                                                                                 
                                                                                                 
                                                                                                 
                                                                                                 
                                                                                                 
                                                                                                 
                                                                                                 
                                                                                                 
                                                                                                 
                                                                                                 
                                                                                                 
                                                                                                 
————————————————————————————————————————————————————————————————————————————————————————————————————
And a small footnote

                                                                                                 hej

I need a title

————————————————————————————————————————————————————————————————————————————————————————————————————
                            18<= to <65 years                            65<= years              
                        I287                IGlar                 I287                IGlar      
————————————————————————————————————————————————————————————————————————————————————————————————————
                                                                                                 
                                                                                                 
HbA1c at Baseline
                                                                                                 
  Canada
    N             12.000               13.000                4.000                5.000          
    Mean (SD)      7.658 ( 0.538)       8.131 ( 0.578)       7.850 ( 0.700)       8.100 ( 0.620) 
    Min ; Max      6.800 ;   8.600      7.400 ;   9.100      7.100 ;   8.700      7.400 ;   9.100
                                                                                                 
  Czech Republic
    N             14.000                9.000               11.000                9.000          
    Mean (SD)      7.971 ( 0.666)       7.789 ( 0.567)       7.773 ( 1.006)       7.656 ( 0.464) 
    Min ; Max      7.100 ;   9.000      7.300 ;   9.200      6.600 ;   9.700      7.200 ;   8.700
                                                                                                 
  Greece
    N             18.000                9.000                8.000                1.000          
    Mean (SD)      8.133 ( 0.708)       8.233 ( 0.592)       7.900 ( 0.763)       7.200 (NaN   ) 
    Min ; Max      7.100 ;   9.500      7.600 ;   9.100      7.000 ;   8.900      7.200 ;   7.200
                                                                                                 
  Poland
    N              7.000               16.000               11.000                8.000          
    Mean (SD)      8.086 ( 0.720)       7.987 ( 0.576)       8.145 ( 0.753)       7.900 ( 0.717) 
    Min ; Max      7.100 ;   9.100      7.400 ;   9.400      6.900 ;   9.400      7.000 ;   9.000
                                                                                                 
  Slovakia
    N             17.000               16.000                3.000                2.000          
    Mean (SD)      8.047 ( 0.705)       8.475 ( 0.627)       8.400 ( 0.173)       8.250 ( 0.071) 
    Min ; Max      6.900 ;   9.300      7.300 ;   9.400      8.200 ;   8.500      8.200 ;   8.300
                                                                                                 
  Slovenia
    N              5.000                4.000                3.000                5.000          
    Mean (SD)      8.080 ( 0.698)       7.500 ( 0.455)       8.300 ( 0.346)       7.760 ( 0.522) 
    Min ; Max      7.200 ;   9.000      6.900 ;   8.000      8.100 ;   8.700      7.300 ;   8.600
                                                                                                 
  United States
    N             13.000               14.000                4.000                6.000          
    Mean (SD)      8.000 ( 0.853)       8.264 ( 0.650)       7.700 ( 0.976)       8.250 ( 0.568) 
    Min ; Max      6.900 ;   9.700      7.400 ;   9.300      6.900 ;   9.000      7.400 ;   9.100
                                                                                                 
                                                                                                 
                                                                                                 
                                                                                                 
                                                                                                 
                                                                                                 
                                                                                                 
                                                                                                 
                                                                                                 
                                                                                                 
                                                                                                 
                                                                                                 
                                                                                                 
                                                                                                 
                                                                                                 
                                                                                                 
                                                                                                 
                                                                                                 
                                                                                                 
                                                                                                 
                                                                                                 
                                                                                                 
                                                                                                 
                                                                                                 
                                                                                                 
                                                                                                 
                                                                                                 
                                                                                                 
                                                                                                 
                                                                                                 
                                                                                                 
                                                                                                 
————————————————————————————————————————————————————————————————————————————————————————————————————
And a small footnote

                                                                                                 hej

I need a title

————————————————————————————————————————————————————————————————————————————————————————————————————
                            18<= to <65 years                            65<= years              
                        I287                IGlar                 I287                IGlar      
————————————————————————————————————————————————————————————————————————————————————————————————————
                                                                                                 
                                                                                                 
Height at Baseline (Conv.)
                                                                                                 
  Canada
    N             12.000               13.000                4.000                5.000          
    Mean (SD)     67.133 ( 5.251)      66.753 ( 5.317)      67.726 ( 4.857)      66.772 ( 3.120) 
    Min ; Max     57.480 ;  74.803     57.087 ;  74.016     64.173 ;  74.803     63.780 ;  70.472
                                                                                                 
  Czech Republic
    N             14.000                9.000               11.000                9.000          
    Mean (SD)     66.817 ( 3.563)      69.685 ( 3.449)      65.820 ( 2.935)      67.629 ( 4.156) 
    Min ; Max     60.236 ;  71.654     65.354 ;  76.772     62.205 ;  72.835     61.811 ;  72.835
                                                                                                 
  Greece
    N             18.000                9.000                8.000                1.000          
    Mean (SD)     67.520 ( 3.239)      66.623 ( 3.215)      63.927 ( 2.568)      67.717 (NaN   ) 
    Min ; Max     61.811 ;  72.047     61.024 ;  70.866     60.630 ;  67.717     67.717 ;  67.717
                                                                                                 
  Poland
    N              7.000               16.000               11.000                8.000          
    Mean (SD)     65.467 ( 2.092)      66.289 ( 2.914)      65.497 ( 2.746)      66.289 ( 2.408) 
    Min ; Max     61.811 ;  68.898     61.417 ;  71.260     62.205 ;  69.291     62.205 ;  69.291
                                                                                                 
  Slovakia
    N             17.000               16.000                3.000                2.000          
    Mean (SD)     68.249 ( 2.959)      67.618 ( 3.088)      66.142 ( 3.608)      65.748 ( 6.125) 
    Min ; Max     62.992 ;  74.016     62.992 ;  75.591     62.992 ;  70.079     61.417 ;  70.079
                                                                                                 
  Slovenia
    N              5.000                4.000                3.000                5.000          
    Mean (SD)     68.661 ( 2.452)      69.094 ( 1.623)      63.648 ( 3.058)      70.472 ( 3.317) 
    Min ; Max     66.535 ;  72.047     66.929 ;  70.866     60.236 ;  66.142     65.354 ;  74.016
                                                                                                 
  United States
    N             13.000               14.000                4.000                6.000          
    Mean (SD)     66.114 ( 3.334)      66.737 ( 4.289)      68.264 ( 7.697)      65.421 ( 6.820) 
    Min ; Max     61.417 ;  72.000     58.000 ;  73.000     59.055 ;  76.000     55.000 ;  73.000
————————————————————————————————————————————————————————————————————————————————————————————————————
And a small footnote

                                                                                                 hej

